Component: ARM Compiler 5.06 update 7 (build 960) Tool: armlink [4d3601]

==============================================================================

Section Cross References

    startup_stm32h723xx.o(RESET) refers to startup_stm32h723xx.o(STACK) for __initial_sp
    startup_stm32h723xx.o(RESET) refers to startup_stm32h723xx.o(.text) for Reset_Handler
    startup_stm32h723xx.o(RESET) refers to stm32h7xx_it.o(i.NMI_Handler) for NMI_Handler
    startup_stm32h723xx.o(RESET) refers to stm32h7xx_it.o(i.HardFault_Handler) for HardFault_Handler
    startup_stm32h723xx.o(RESET) refers to stm32h7xx_it.o(i.MemManage_Handler) for MemManage_Handler
    startup_stm32h723xx.o(RESET) refers to stm32h7xx_it.o(i.BusFault_Handler) for BusFault_Handler
    startup_stm32h723xx.o(RESET) refers to stm32h7xx_it.o(i.UsageFault_Handler) for UsageFault_Handler
    startup_stm32h723xx.o(RESET) refers to port.o(.emb_text) for SVC_Handler
    startup_stm32h723xx.o(RESET) refers to stm32h7xx_it.o(i.DebugMon_Handler) for DebugMon_Handler
    startup_stm32h723xx.o(RESET) refers to port.o(i.SysTick_Handler) for SysTick_Handler
    startup_stm32h723xx.o(RESET) refers to stm32h7xx_it.o(i.DMA1_Stream0_IRQHandler) for DMA1_Stream0_IRQHandler
    startup_stm32h723xx.o(RESET) refers to stm32h7xx_it.o(i.DMA1_Stream1_IRQHandler) for DMA1_Stream1_IRQHandler
    startup_stm32h723xx.o(RESET) refers to stm32h7xx_it.o(i.DMA1_Stream2_IRQHandler) for DMA1_Stream2_IRQHandler
    startup_stm32h723xx.o(RESET) refers to stm32h7xx_it.o(i.DMA1_Stream3_IRQHandler) for DMA1_Stream3_IRQHandler
    startup_stm32h723xx.o(RESET) refers to stm32h7xx_it.o(i.DMA1_Stream4_IRQHandler) for DMA1_Stream4_IRQHandler
    startup_stm32h723xx.o(RESET) refers to stm32h7xx_it.o(i.FDCAN1_IT0_IRQHandler) for FDCAN1_IT0_IRQHandler
    startup_stm32h723xx.o(RESET) refers to stm32h7xx_it.o(i.FDCAN2_IT0_IRQHandler) for FDCAN2_IT0_IRQHandler
    startup_stm32h723xx.o(RESET) refers to stm32h7xx_it.o(i.TIM2_IRQHandler) for TIM2_IRQHandler
    startup_stm32h723xx.o(RESET) refers to stm32h7xx_it.o(i.SPI2_IRQHandler) for SPI2_IRQHandler
    startup_stm32h723xx.o(RESET) refers to stm32h7xx_it.o(i.UART5_IRQHandler) for UART5_IRQHandler
    startup_stm32h723xx.o(RESET) refers to stm32h7xx_it.o(i.OTG_HS_IRQHandler) for OTG_HS_IRQHandler
    startup_stm32h723xx.o(RESET) refers to stm32h7xx_it.o(i.FDCAN3_IT0_IRQHandler) for FDCAN3_IT0_IRQHandler
    startup_stm32h723xx.o(.text) refers to system_stm32h7xx.o(i.SystemInit) for SystemInit
    startup_stm32h723xx.o(.text) refers to entry.o(.ARM.Collect$$$$00000000) for __main
    main.o(i.HAL_TIM_PeriodElapsedCallback) refers to stm32h7xx_hal.o(i.HAL_IncTick) for HAL_IncTick
    main.o(i.PeriphCommonClock_Config) refers to memseta.o(.text) for __aeabi_memclr4
    main.o(i.PeriphCommonClock_Config) refers to stm32h7xx_hal_rcc_ex.o(i.HAL_RCCEx_PeriphCLKConfig) for HAL_RCCEx_PeriphCLKConfig
    main.o(i.PeriphCommonClock_Config) refers to main.o(i.Error_Handler) for Error_Handler
    main.o(i.SystemClock_Config) refers to memseta.o(.text) for __aeabi_memclr4
    main.o(i.SystemClock_Config) refers to stm32h7xx_hal_pwr_ex.o(i.HAL_PWREx_ConfigSupply) for HAL_PWREx_ConfigSupply
    main.o(i.SystemClock_Config) refers to stm32h7xx_hal_rcc.o(i.HAL_RCC_OscConfig) for HAL_RCC_OscConfig
    main.o(i.SystemClock_Config) refers to main.o(i.Error_Handler) for Error_Handler
    main.o(i.SystemClock_Config) refers to stm32h7xx_hal_rcc.o(i.HAL_RCC_ClockConfig) for HAL_RCC_ClockConfig
    main.o(i.main) refers to stm32h7xx_hal.o(i.HAL_Init) for HAL_Init
    main.o(i.main) refers to main.o(i.SystemClock_Config) for SystemClock_Config
    main.o(i.main) refers to main.o(i.PeriphCommonClock_Config) for PeriphCommonClock_Config
    main.o(i.main) refers to gpio.o(i.MX_GPIO_Init) for MX_GPIO_Init
    main.o(i.main) refers to dma.o(i.MX_DMA_Init) for MX_DMA_Init
    main.o(i.main) refers to spi.o(i.MX_SPI2_Init) for MX_SPI2_Init
    main.o(i.main) refers to fdcan.o(i.MX_FDCAN1_Init) for MX_FDCAN1_Init
    main.o(i.main) refers to fdcan.o(i.MX_FDCAN2_Init) for MX_FDCAN2_Init
    main.o(i.main) refers to tim.o(i.MX_TIM3_Init) for MX_TIM3_Init
    main.o(i.main) refers to fdcan.o(i.MX_FDCAN3_Init) for MX_FDCAN3_Init
    main.o(i.main) refers to usart.o(i.MX_UART5_Init) for MX_UART5_Init
    main.o(i.main) refers to adc.o(i.MX_ADC1_Init) for MX_ADC1_Init
    main.o(i.main) refers to tim.o(i.MX_TIM12_Init) for MX_TIM12_Init
    main.o(i.main) refers to tim.o(i.MX_TIM1_Init) for MX_TIM1_Init
    main.o(i.main) refers to bsp_dwt.o(i.DWT_Init) for DWT_Init
    main.o(i.main) refers to bmi088driver.o(i.BMI088_init) for BMI088_init
    main.o(i.main) refers to stm32h7xx_hal_gpio.o(i.HAL_GPIO_WritePin) for HAL_GPIO_WritePin
    main.o(i.main) refers to can_bsp.o(i.FDCAN1_Config) for FDCAN1_Config
    main.o(i.main) refers to can_bsp.o(i.FDCAN2_Config) for FDCAN2_Config
[...]
    __hardfp_sqrt                            0x0800f91d   Thumb Code   102  sqrt.o(i.__hardfp_sqrt)
    __hardfp_sqrtf                           0x0800f983   Thumb Code    58  sqrtf.o(i.__hardfp_sqrtf)
    __mathlib_flt_infnan                     0x0800f9bd   Thumb Code     6  funder.o(i.__mathlib_flt_infnan)
    __mathlib_flt_infnan2                    0x0800f9c3   Thumb Code     6  funder.o(i.__mathlib_flt_infnan2)
    __mathlib_flt_invalid                    0x0800f9c9   Thumb Code    10  funder.o(i.__mathlib_flt_invalid)
    __mathlib_flt_underflow                  0x0800f9d9   Thumb Code    10  funder.o(i.__mathlib_flt_underflow)
    __scatterload_copy                       0x0800f9e9   Thumb Code    14  handlers.o(i.__scatterload_copy)
    __scatterload_null                       0x0800f9f7   Thumb Code     2  handlers.o(i.__scatterload_null)
    __scatterload_zeroinit                   0x0800f9f9   Thumb Code    14  handlers.o(i.__scatterload_zeroinit)
    __set_errno                              0x0800fa09   Thumb Code     6  errno.o(i.__set_errno)
    bmi088_accel_init                        0x0800fa65   Thumb Code   292  bmi088driver.o(i.bmi088_accel_init)
    bmi088_gyro_init                         0x0800fb8d   Thumb Code   246  bmi088driver.o(i.bmi088_gyro_init)
    canx_send_data                           0x0800fc89   Thumb Code   116  can_bsp.o(i.canx_send_data)
    chassisL_control_loop                    0x0800fcfd   Thumb Code   960  chassisl_task.o(i.chassisL_control_loop)
    chassisL_feedback_update                 0x08010105   Thumb Code    54  chassisl_task.o(i.chassisL_feedback_update)
    chassisR_control_loop                    0x08010141   Thumb Code  1142  chassisr_task.o(i.chassisR_control_loop)
    chassisR_feedback_update                 0x080105b9   Thumb Code   104  chassisr_task.o(i.chassisR_feedback_update)
    dm4310_fbdata                            0x08010631   Thumb Code   150  dm4310_drv.o(i.dm4310_fbdata)
    dm6215_fbdata                            0x080106c9   Thumb Code   150  dm4310_drv.o(i.dm6215_fbdata)
    enable_motor_mode                        0x08010769   Thumb Code    52  dm4310_drv.o(i.enable_motor_mode)
    float_to_uint                            0x0801079d   Thumb Code    40  dm4310_drv.o(i.float_to_uint)
    ground_detectionL                        0x08010889   Thumb Code   244  vmc_calc.o(i.ground_detectionL)
    ground_detectionR                        0x0801098d   Thumb Code   244  vmc_calc.o(i.ground_detectionR)
    joint_motor_init                         0x08010a91   Thumb Code     6  dm4310_drv.o(i.joint_motor_init)
    mahony_init                              0x08010a99   Thumb Code    40  mahony_filter.o(i.mahony_init)
    mahony_input                             0x08010ad1   Thumb Code    28  mahony_filter.o(i.mahony_input)
    mahony_output                            0x08010aed   Thumb Code    54  mahony_filter.o(i.mahony_output)
    mahony_update                            0x08010b23   Thumb Code   428  mahony_filter.o(i.mahony_update)
    main                                     0x08010cd1   Thumb Code   138  main.o(i.main)
    malloc                                   0x08010d79   Thumb Code    92  malloc.o(i.malloc)
    mit_ctrl                                 0x08010de5   Thumb Code   180  dm4310_drv.o(i.mit_ctrl)
    mit_ctrl2                                0x08010ea1   Thumb Code   180  dm4310_drv.o(i.mit_ctrl2)
    mySaturate                               0x08010f65   Thumb Code    36  chassisr_task.o(i.mySaturate)
    osDelay                                  0x08010f89   Thumb Code    16  cmsis_os.o(i.osDelay)
    osKernelStart                            0x08010f99   Thumb Code    10  cmsis_os.o(i.osKernelStart)
    osThreadCreate                           0x08010fa3   Thumb Code    46  cmsis_os.o(i.osThreadCreate)
    pvPortMalloc                             0x0801131d   Thumb Code   214  heap_4.o(i.pvPortMalloc)
    pxPortInitialiseStack                    0x080113f9   Thumb Code    30  port.o(i.pxPortInitialiseStack)
    sbus_frame_parse                         0x0801141d   Thumb Code   428  uart_bsp.o(i.sbus_frame_parse)
    sqrtf                                    0x080115c9   Thumb Code    62  sqrtf.o(i.sqrtf)
    uint_to_float                            0x08011607   Thumb Code    40  dm4310_drv.o(i.uint_to_float)
    uxListRemove                             0x0801162f   Thumb Code    38  list.o(i.uxListRemove)
    vListInitialise                          0x08011655   Thumb Code    22  list.o(i.vListInitialise)
    vListInitialiseItem                      0x0801166b   Thumb Code     6  list.o(i.vListInitialiseItem)
    vListInsert                              0x08011671   Thumb Code    48  list.o(i.vListInsert)
    vListInsertEnd                           0x080116a1   Thumb Code    24  list.o(i.vListInsertEnd)
    vPortEnterCritical                       0x080116b9   Thumb Code    54  port.o(i.vPortEnterCritical)
    vPortExitCritical                        0x080116f9   Thumb Code    38  port.o(i.vPortExitCritical)
    vPortFree                                0x08011725   Thumb Code    94  heap_4.o(i.vPortFree)
    vPortSetupTimerInterrupt                 0x08011789   Thumb Code    32  port.o(i.vPortSetupTimerInterrupt)
    vTaskDelay                               0x080117ad   Thumb Code    70  tasks.o(i.vTaskDelay)
    vTaskStartScheduler                      0x080117fd   Thumb Code    86  tasks.o(i.vTaskStartScheduler)
    vTaskSuspendAll                          0x08011865   Thumb Code    10  tasks.o(i.vTaskSuspendAll)
    vTaskSwitchContext                       0x08011875   Thumb Code    86  tasks.o(i.vTaskSwitchContext)
    wheel_motor_init                         0x080118d5   Thumb Code     6  dm4310_drv.o(i.wheel_motor_init)
    xPortStartScheduler                      0x080118dd   Thumb Code   222  port.o(i.xPortStartScheduler)
    xTaskCreate                              0x080119d1   Thumb Code    96  tasks.o(i.xTaskCreate)
    xTaskIncrementTick                       0x08011a31   Thumb Code   198  tasks.o(i.xTaskIncrementTick)
    xTaskResumeAll                           0x08011b01   Thumb Code   192  tasks.o(i.xTaskResumeAll)
    xvEstimateKF_Init                        0x08011bcd   Thumb Code    94  observe_task.o(i.xvEstimateKF_Init)
    xvEstimateKF_Update                      0x08011c35   Thumb Code    88  observe_task.o(i.xvEstimateKF_Update)
    UARTPrescTable                           0x08011d80   Data          24  stm32h7xx_hal_uart.o(.constdata)
    D1CorePrescTable                         0x08011da8   Data          16  system_stm32h7xx.o(.constdata)
    vaEstimateKF_H                           0x08011df4   Data          16  observe_task.o(.constdata)
    sinTable_f32                             0x08011e64   Data        2052  arm_common_tables.o(.rodata.sinTable_f32)
    Region$$Table$$Base                      0x08012668   Number         0  anon$$obj.o(Region$$Table)
    Region$$Table$$Limit                     0x08012688   Number         0  anon$$obj.o(Region$$Table)
    adc_val                                  0x24000000   Data           4  main.o(.data)
    defaultTaskHandle                        0x24000004   Data           4  freertos.o(.data)
    INS_TASKHandle                           0x24000008   Data           4  freertos.o(.data)
    CHASSISR_TASKHandle                      0x2400000c   Data           4  freertos.o(.data)
    CHASSISL_TASKHandle                      0x24000010   Data           4  freertos.o(.data)
    OBSERVE_TASKHandle                       0x24000014   Data           4  freertos.o(.data)
    REMOTE_TASKHandle                        0x24000018   Data           4  freertos.o(.data)
    WATCH_TASKHandle                         0x2400001c   Data           4  freertos.o(.data)
    uwTickFreq                               0x24000024   Data           1  stm32h7xx_hal.o(.data)
    uwTickPrio                               0x24000028   Data           4  stm32h7xx_hal.o(.data)
    uwTick                                   0x2400002c   Data           4  stm32h7xx_hal.o(.data)
    SystemCoreClock                          0x24000030   Data           4  system_stm32h7xx.o(.data)
    SystemD2Clock                            0x24000034   Data           4  system_stm32h7xx.o(.data)
    caliOffset                               0x2400003b   Data           1  bmi088driver.o(.data)
    caliCount                                0x2400003c   Data           2  bmi088driver.o(.data)
    BMI088_ACCEL_SEN                         0x24000044   Data           4  bmi088driver.o(.data)
    BMI088_GYRO_SEN                          0x24000048   Data           4  bmi088driver.o(.data)
    gNormDiff                                0x24000050   Data           4  bmi088driver.o(.data)
    BMI088_SPI                               0x24000080   Data           4  bmi088middleware.o(.data)
    aver_fnr                                 0x24000084   Data           4  vmc_calc.o(.data)
    aver_fnl                                 0x24000088   Data           4  vmc_calc.o(.data)
    sizeof_float                             0x2400009c   Data           2  kalman_filter.o(.data)
    sizeof_double                            0x2400009e   Data           2  kalman_filter.o(.data)
    pxCurrentTCB                             0x240000a0   Data           4  tasks.o(.data)
    INS_DWT_Count                            0x24000108   Data           4  ins_task.o(.data)
    ins_dt                                   0x2400010c   Data           4  ins_task.o(.data)
    ins_time                                 0x24000110   Data           4  ins_task.o(.data)
    stop_time                                0x24000114   Data           4  ins_task.o(.data)
    gravity                                  0x24000118   Data          12  ins_task.o(.data)
    left_flag                                0x24000124   Data           1  chassisl_task.o(.data)
    CHASSL_TIME                              0x24000128   Data           4  chassisl_task.o(.data)
    jump_time2                               0x2400012c   Data           4  chassisl_task.o(.data)
    LQR_K_L                                  0x24000130   Data          48  chassisl_task.o(.data)
    right_flag                               0x24000160   Data           1  chassisr_task.o(.data)
    CHASSR_TIME                              0x24000164   Data           4  chassisr_task.o(.data)
    mg                                       0x24000168   Data           4  chassisr_task.o(.data)
    jump_time                                0x2400016c   Data           4  chassisr_task.o(.data)
    LQR_K_R                                  0x24000170   Data          48  chassisr_task.o(.data)
    Poly_Coefficient                         0x240001a0   Data         192  chassisr_task.o(.data)
    OBSERVE_TIME                             0x24000260   Data           4  observe_task.o(.data)
    vel_acc                                  0x24000278   Data           8  observe_task.o(.data)
    vaEstimateKF_F                           0x24000280   Data          16  observe_task.o(.data)
    vaEstimateKF_P                           0x24000290   Data          16  observe_task.o(.data)
    vaEstimateKF_Q                           0x240002a0   Data          16  observe_task.o(.data)
    vaEstimateKF_R                           0x240002b0   Data          16  observe_task.o(.data)
    REMOTE_TIME                              0x240002c0   Data           4  remote_task.o(.data)
    VBAT_WARNNING_VAL                        0x240002cc   Data           4  watch_task.o(.data)
    WATCH_TIME                               0x240002d0   Data           4  watch_task.o(.data)
    VBAT_LOW_VAL                             0x240002d4   Data           4  watch_task.o(.data)
    SysTime                                  0x24000308   Data           8  bsp_dwt.o(.data)
    CYCCNT64                                 0x24000310   Data           8  bsp_dwt.o(.data)
    HS_Desc                                  0x2400033c   Data          32  usbd_desc.o(.data)
    USBD_LangIDDesc                          0x2400035c   Data           4  usbd_desc.o(.data)
    USBD_HS_DeviceDesc                       0x24000360   Data          18  usbd_desc.o(.data)
    USBD_HS_BOSDesc                          0x24000374   Data          12  usbd_desc.o(.data)
    USBD_StringSerial                        0x24000380   Data          26  usbd_desc.o(.data)
    USBD_Interface_fops_HS                   0x2400039c   Data          20  usbd_cdc_if.o(.data)
    USBD_CDC                                 0x24000408   Data          56  usbd_cdc.o(.data)
    __microlib_freelist                      0x24000440   Data           4  mvars.o(.data)
    __microlib_freelist_initialised          0x24000444   Data           4  mvars.o(.data)
    hadc1                                    0x2400044c   Data         112  adc.o(.bss)
    hdma_adc1                                0x240004bc   Data         120  adc.o(.bss)
    hfdcan1                                  0x24000534   Data         160  fdcan.o(.bss)
    hfdcan2                                  0x240005d4   Data         160  fdcan.o(.bss)
    hfdcan3                                  0x24000674   Data         160  fdcan.o(.bss)
    hspi2                                    0x24000714   Data         136  spi.o(.bss)
    hdma_spi2_rx                             0x2400079c   Data         120  spi.o(.bss)
    hdma_spi2_tx                             0x24000814   Data         120  spi.o(.bss)
    htim1                                    0x2400088c   Data          76  tim.o(.bss)
    htim3                                    0x240008d8   Data          76  tim.o(.bss)
    htim12                                   0x24000924   Data          76  tim.o(.bss)
    hdma_tim1_ch1                            0x24000970   Data         120  tim.o(.bss)
    huart5                                   0x240009e8   Data         148  usart.o(.bss)
    hdma_uart5_rx                            0x24000a7c   Data         120  usart.o(.bss)
    htim2                                    0x24000af4   Data          76  stm32h7xx_hal_timebase_tim.o(.bss)
    gyroDiff                                 0x24000b40   Data          12  bmi088driver.o(.bss)
    BMI088                                   0x24000b4c   Data          64  bmi088driver.o(.bss)
    averr                                    0x24000b8c   Data          16  vmc_calc.o(.bss)
    averl                                    0x24000b9c   Data          16  vmc_calc.o(.bss)
    INS                                      0x2400849c   Data         148  ins_task.o(.bss)
    mahony                                   0x24008530   Data         132  ins_task.o(.bss)
    Gyro                                     0x240085b4   Data          12  ins_task.o(.bss)
    Accel                                    0x240085c0   Data          12  ins_task.o(.bss)
    left                                     0x240085cc   Data         176  chassisl_task.o(.bss)
    LegL_Pid                                 0x2400867c   Data          72  chassisl_task.o(.bss)
    right                                    0x240086c4   Data         176  chassisr_task.o(.bss)
    chassis_move                             0x24008774   Data         448  chassisr_task.o(.bss)
    LegR_Pid                                 0x24008934   Data          72  chassisr_task.o(.bss)
    Tp_Pid                                   0x2400897c   Data          72  chassisr_task.o(.bss)
    Turn_Pid                                 0x240089c4   Data          72  chassisr_task.o(.bss)
    Roll_Pid                                 0x24008a0c   Data          72  chassisr_task.o(.bss)
    vaEstimateKF                             0x24008a54   Data         320  observe_task.o(.bss)
    RxHeader1                                0x24008b94   Data          40  can_bsp.o(.bss)
    g_Can1RxData                             0x24008bbc   Data          64  can_bsp.o(.bss)
    RxHeader2                                0x24008bfc   Data          40  can_bsp.o(.bss)
    g_Can2RxData                             0x24008c24   Data          64  can_bsp.o(.bss)
    rx_buff                                  0x24008c64   Data          25  uart_bsp.o(.bss)
    remoter                                  0x24008c80   Data          52  uart_bsp.o(.bss)
    g_usb_cmd                                0x24008cb4   Data          20  usb_comm.o(.bss)
    hUsbDeviceHS                             0x240096b0   Data         732  usb_device.o(.bss)
    USBD_StrDesc                             0x2400998c   Data         512  usbd_desc.o(.bss)
    UserRxBufferHS                           0x24009b8c   Data        2048  usbd_cdc_if.o(.bss)
    UserTxBufferHS                           0x2400a38c   Data        2048  usbd_cdc_if.o(.bss)
    hpcd_USB_OTG_HS                          0x2400adac   Data        1292  usbd_conf.o(.bss)
    __heap_base                              0x2400b2b8   Data           0  startup_stm32h723xx.o(HEAP)
    __heap_limit                             0x2400b4b8   Data           0  startup_stm32h723xx.o(HEAP)
    __initial_sp                             0x2400bcb8   Data           0  startup_stm32h723xx.o(STACK)



==============================================================================

Memory Map of the image

  Image Entry point : 0x080002cd

  Load Region LR_IROM1 (Base: 0x08000000, Size: 0x00012ad4, Max: 0x00100000, ABSOLUTE, COMPRESSED[0x000128ac])

    Execution Region ER_IROM1 (Exec base: 0x08000000, Load base: 0x08000000, Size: 0x00012688, Max: 0x00100000, ABSOLUTE)

    Exec Addr    Load Addr    Size         Type   Attr      Idx    E Section Name        Object

    0x08000000   0x08000000   0x000002cc   Data   RO            3    RESET               startup_stm32h723xx.o
    0x080002cc   0x080002cc   0x00000000   Code   RO        11141  * .ARM.Collect$$$$00000000  mc_w.l(entry.o)
    0x080002cc   0x080002cc   0x00000004   Code   RO        11209    .ARM.Collect$$$$00000001  mc_w.l(entry2.o)
    0x080002d0   0x080002d0   0x00000004   Code   RO        11212    .ARM.Collect$$$$00000004  mc_w.l(entry5.o)
    0x080002d4   0x080002d4   0x00000000   Code   RO        11214    .ARM.Collect$$$$00000008  mc_w.l(entry7b.o)
    0x080002d4   0x080002d4   0x00000000   Code   RO        11216    .ARM.Collect$$$$0000000A  mc_w.l(entry8b.o)
    0x080002d4   0x080002d4   0x00000008   Code   RO        11217    .ARM.Collect$$$$0000000B  mc_w.l(entry9a.o)
    0x080002dc   0x080002dc   0x00000004   Code   RO        11224    .ARM.Collect$$$$0000000E  mc_w.l(entry12b.o)
    0x080002e0   0x080002e0   0x00000000   Code   RO        11219    .ARM.Collect$$$$0000000F  mc_w.l(entry10a.o)
    0x080002e0   0x080002e0   0x00000000   Code   RO        11221    .ARM.Collect$$$$00000011  mc_w.l(entry11a.o)
    0x080002e0   0x080002e0   0x00000004   Code   RO        11210    .ARM.Collect$$$$00002712  mc_w.l(entry2.o)
    0x080002e4   0x080002e4   0x000000be   Code   RO         9013    .emb_text           port.o
    0x080003a2   0x080003a2   0x00000002   PAD
    0x080003a4   0x080003a4   0x00000024   Code   RO            4    .text               startup_stm32h723xx.o
    0x080003c8   0x080003c8   0x00000062   Code   RO        11144    .text               mc_w.l(uldiv.o)
    0x0800042a   0x0800042a   0x00000040   Code   RO        11148    .text               mc_w.l(memmovea.o)
    0x0800046a   0x0800046a   0x00000024   Code   RO        11152    .text               mc_w.l(memseta.o)
    0x0800048e   0x0800048e   0x00000014   Code   RO        11154    .text               mc_w.l(strchr.o)
    0x080004a2   0x080004a2   0x0000000e   Code   RO        11156    .text               mc_w.l(strlen.o)
    0x080004b0   0x080004b0   0x0000001e   Code   RO        11225    .text               mc_w.l(llshl.o)
    0x080004ce   0x080004ce   0x00000020   Code   RO        11227    .text               mc_w.l(llushr.o)
    0x080004ee   0x080004ee   0x00000000   Code   RO        11238    .text               mc_w.l(iusefp.o)
    0x080004ee   0x080004ee   0x00000002   PAD
    0x080004f0   0x080004f0   0x00000024   Code   RO        11241    .text               mc_w.l(init.o)
    0x08000514   0x08000514   0x00000056   Code   RO        11251    .text               mc_w.l(__dczerorl2.o)
    0x0800056a   0x0800056a   0x00000002   PAD
    0x0800056c   0x0800056c   0x00000090   Code   RO        10882    .text.arm_cos_f32   arm_cortexM7lfdp_math.lib(arm_cos_f32.o)
    0x080005fc   0x080005fc   0x000000be   Code   RO        10902    .text.arm_mat_add_f32  arm_cortexM7lfdp_math.lib(arm_mat_add_f32.o)
    0x080006ba   0x080006ba   0x00000008   Code   RO        10912    .text.arm_mat_init_f32  arm_cortexM7lfdp_math.lib(arm_mat_init_f32.o)
    0x080006c2   0x080006c2   0x00000002   PAD
    0x080006c4   0x080006c4   0x000002cc   Code   RO        10921    .text.arm_mat_inverse_f32  arm_cortexM7lfdp_math.lib(arm_mat_inverse_f32.o)
    0x08000990   0x08000990   0x00000130   Code   RO        10931    .text.arm_mat_mult_f32  arm_cortexM7lfdp_math.lib(arm_mat_mult_f32.o)
    0x08000ac0   0x08000ac0   0x000000be   Code   RO        10941    .text.arm_mat_sub_f32  arm_cortexM7lfdp_math.lib(arm_mat_sub_f32.o)
    0x08000b7e   0x08000b7e   0x00000002   PAD
    0x08000b80   0x08000b80   0x000000b4   Code   RO        10951    .text.arm_mat_trans_f32  arm_cortexM7lfdp_math.lib(arm_mat_trans_f32.o)
    0x08000c34   0x08000c34   0x0000008c   Code   RO        10892    .text.arm_sin_f32   arm_cortexM7lfdp_math.lib(arm_sin_f32.o)
    0x08000cc0   0x08000cc0   0x000000f8   Code   RO         5089    i.ADC_ConfigureBoostMode  stm32h7xx_hal_adc.o
    0x08000db8   0x08000db8   0x0000007e   Code   RO         5091    i.ADC_DMAConvCplt   stm32h7xx_hal_adc.o
    0x08000e36   0x08000e36   0x0000001a   Code   RO         5092    i.ADC_DMAError      stm32h7xx_hal_adc.o
    0x08000e50   0x08000e50   0x0000000a   Code   RO         5093    i.ADC_DMAHalfConvCplt  stm32h7xx_hal_adc.o
    0x08000e5a   0x08000e5a   0x00000002   PAD
    0x08000e5c   0x08000e5c   0x00000084   Code   RO         5094    i.ADC_Disable       stm32h7xx_hal_adc.o
    0x08000ee0   0x08000ee0   0x000000c0   Code   RO         5095    i.ADC_Enable        stm32h7xx_hal_adc.o
    0x08000fa0   0x08000fa0   0x00000010   Code   RO         7191    i.BMI088_ACCEL_NS_H  bmi088middleware.o
    0x08000fb0   0x08000fb0   0x00000010   Code   RO         7192    i.BMI088_ACCEL_NS_L  bmi088middleware.o
    0x08000fc0   0x08000fc0   0x00000010   Code   RO         7193    i.BMI088_GYRO_NS_H  bmi088middleware.o
    0x08000fd0   0x08000fd0   0x00000010   Code   RO         7194    i.BMI088_GYRO_NS_L  bmi088middleware.o
    0x08000fe0   0x08000fe0   0x00000228   Code   RO         7103    i.BMI088_Read       bmi088driver.o
    0x08001208   0x08001208   0x000000ac   Code   RO         7104    i.BMI088_init       bmi088driver.o
    0x080012b4   0x080012b4   0x00000024   Code   RO         7105    i.BMI088_read_muli_reg  bmi088driver.o
    0x080012d8   0x080012d8   0x00000016   Code   RO         7106    i.BMI088_read_single_reg  bmi088driver.o
    0x080012ee   0x080012ee   0x00000002   PAD
    0x080012f0   0x080012f0   0x00000024   Code   RO         7195    i.BMI088_read_write_byte  bmi088middleware.o
    0x08001314   0x08001314   0x00000012   Code   RO         7107    i.BMI088_write_single_reg  bmi088driver.o
    0x08001326   0x08001326   0x000000ea   Code   RO         9093    i.BodyFrameToEarthFrame  ins_task.o
    0x08001410   0x08001410   0x00000002   Code   RO          744    i.BusFault_Handler  stm32h7xx_it.o
    0x08001412   0x08001412   0x00000008   Code   RO        10189    i.CDC_Control_HS    usbd_cdc_if.o
    0x0800141a   0x0800141a   0x00000004   Code   RO        10190    i.CDC_DeInit_HS     usbd_cdc_if.o
    0x0800141e   0x0800141e   0x00000002   PAD
    0x08001420   0x08001420   0x00000024   Code   RO        10191    i.CDC_Init_HS       usbd_cdc_if.o
    0x08001444   0x08001444   0x0000002c   Code   RO        10192    i.CDC_Receive_HS    usbd_cdc_if.o
    0x08001470   0x08001470   0x00000004   Code   RO        10193    i.CDC_TransmitCplt_HS  usbd_cdc_if.o
    0x08001474   0x08001474   0x0000002c   Code   RO        10194    i.CDC_Transmit_HS   usbd_cdc_if.o
    0x080014a0   0x080014a0   0x000004ec   Code   RO         7108    i.Calibrate_MPU_Offset  bmi088driver.o
    0x0800198c   0x0800198c   0x00000006   Code   RO          349    i.ChassisL_Task     freertos.o
    0x08001992   0x08001992   0x00000002   PAD
    0x08001994   0x08001994   0x000000ac   Code   RO         9152    i.ChassisL_init     chassisl_task.o
    0x08001a40   0x08001a40   0x00000144   Code   RO         9153    i.ChassisL_task     chassisl_task.o
    0x08001b84   0x08001b84   0x00000006   Code   RO          350    i.ChassisR_Task     freertos.o
    0x08001b8a   0x08001b8a   0x00000002   PAD
    0x08001b8c   0x08001b8c   0x000000a0   Code   RO         9206    i.ChassisR_init     chassisr_task.o
    0x08001c2c   0x08001c2c   0x00000158   Code   RO         9207    i.ChassisR_task     chassisr_task.o
    0x08001d84   0x08001d84   0x0000000c   Code   RO          745    i.DMA1_Stream0_IRQHandler  stm32h7xx_it.o
    0x08001d90   0x08001d90   0x0000000c   Code   RO          746    i.DMA1_Stream1_IRQHandler  stm32h7xx_it.o
    0x08001d9c   0x08001d9c   0x0000000c   Code   RO          747    i.DMA1_Stream2_IRQHandler  stm32h7xx_it.o
    0x08001da8   0x08001da8   0x0000000c   Code   RO          748    i.DMA1_Stream3_IRQHandler  stm32h7xx_it.o
    0x08001db4   0x08001db4   0x0000000c   Code   RO          749    i.DMA1_Stream4_IRQHandler  stm32h7xx_it.o
    0x08001dc0   0x08001dc0   0x000000c0   Code   RO         3307    i.DMA_CalcBaseAndBitshift  stm32h7xx_hal_dma.o
    0x08001e80   0x08001e80   0x000000a0   Code   RO         3308    i.DMA_CalcDMAMUXChannelBaseAndMask  stm32h7xx_hal_dma.o
    0x08001f20   0x08001f20   0x0000007c   Code   RO         3309    i.DMA_CalcDMAMUXRequestGenBaseAndMask  stm32h7xx_hal_dma.o
    0x08001f9c   0x08001f9c   0x00000078   Code   RO         3310    i.DMA_CheckFifoParam  stm32h7xx_hal_dma.o
    0x08002014   0x08002014   0x0000023c   Code   RO         3311    i.DMA_SetConfig     stm32h7xx_hal_dma.o
    0x08002250   0x08002250   0x00000028   Code   RO         9521    i.DWT_CNT_Update    bsp_dwt.o
    0x08002278   0x08002278   0x00000034   Code   RO         9522    i.DWT_Delay         bsp_dwt.o
    0x080022ac   0x080022ac   0x00000048   Code   RO         9523    i.DWT_GetDeltaT     bsp_dwt.o
    0x080022f4   0x080022f4   0x00000044   Code   RO         9526    i.DWT_GetTimeline_s  bsp_dwt.o
    0x08002338   0x08002338   0x00000048   Code   RO         9528    i.DWT_Init          bsp_dwt.o
    0x08002380   0x08002380   0x00000090   Code   RO         9529    i.DWT_SysTimeUpdate  bsp_dwt.o
    0x08002410   0x08002410   0x00000002   Code   RO          750    i.DebugMon_Handler  stm32h7xx_it.o
    0x08002412   0x08002412   0x000000ea   Code   RO         9094    i.EarthFrameToBodyFrame  ins_task.o
    0x080024fc   0x080024fc   0x00000004   Code   RO           13    i.Error_Handler     main.o
    0x08002500   0x08002500   0x00000060   Code   RO         9598    i.FDCAN1_Config     can_bsp.o
    0x08002560   0x08002560   0x0000000c   Code   RO          751    i.FDCAN1_IT0_IRQHandler  stm32h7xx_it.o
    0x0800256c   0x0800256c   0x00000060   Code   RO         9599    i.FDCAN2_Config     can_bsp.o
    0x080025cc   0x080025cc   0x0000000c   Code   RO          752    i.FDCAN2_IT0_IRQHandler  stm32h7xx_it.o
    0x080025d8   0x080025d8   0x0000000c   Code   RO          753    i.FDCAN3_IT0_IRQHandler  stm32h7xx_it.o
    0x080025e4   0x080025e4   0x000001b0   Code   RO         5565    i.FDCAN_CalcultateRamBlockAddresses  stm32h7xx_hal_fdcan.o
    0x08002794   0x08002794   0x00000078   Code   RO         5566    i.FDCAN_CopyMessageToRAM  stm32h7xx_hal_fdcan.o
    0x0800280c   0x0800280c   0x00000038   Code   RO        10092    i.Get_SerialNum     usbd_desc.o
    0x08002844   0x08002844   0x000000a4   Code   RO         5326    i.HAL_ADCEx_Calibration_Start  stm32h7xx_hal_adc_ex.o
    0x080028e8   0x080028e8   0x00000128   Code   RO         5346    i.HAL_ADCEx_MultiModeConfigChannel  stm32h7xx_hal_adc_ex.o
    0x08002a10   0x08002a10   0x000005c4   Code   RO         5097    i.HAL_ADC_ConfigChannel  stm32h7xx_hal_adc.o
    0x08002fd4   0x08002fd4   0x00000002   Code   RO         5098    i.HAL_ADC_ConvCpltCallback  stm32h7xx_hal_adc.o
    0x08002fd6   0x08002fd6   0x00000002   Code   RO         5099    i.HAL_ADC_ConvHalfCpltCallback  stm32h7xx_hal_adc.o
    0x08002fd8   0x08002fd8   0x00000002   Code   RO         5101    i.HAL_ADC_ErrorCallback  stm32h7xx_hal_adc.o
    0x08002fda   0x08002fda   0x00000002   PAD
    0x08002fdc   0x08002fdc   0x000002a8   Code   RO         5106    i.HAL_ADC_Init      stm32h7xx_hal_adc.o
    0x08003284   0x08003284   0x000000c0   Code   RO          468    i.HAL_ADC_MspInit   adc.o
    0x08003344   0x08003344   0x00000130   Code   RO         5113    i.HAL_ADC_Start_DMA  stm32h7xx_hal_adc.o
    0x08003474   0x08003474   0x0000037c   Code   RO         3312    i.HAL_DMA_Abort     stm32h7xx_hal_dma.o
    0x080037f0   0x080037f0   0x000002b0   Code   RO         3313    i.HAL_DMA_Abort_IT  stm32h7xx_hal_dma.o
    0x08003aa0   0x08003aa0   0x000007a8   Code   RO         3317    i.HAL_DMA_IRQHandler  stm32h7xx_hal_dma.o
    0x08004248   0x08004248   0x000003f0   Code   RO         3318    i.HAL_DMA_Init      stm32h7xx_hal_dma.o
    0x08004638   0x08004638   0x000002ec   Code   RO         3322    i.HAL_DMA_Start_IT  stm32h7xx_hal_dma.o
    0x08004924   0x08004924   0x00000024   Code   RO         4150    i.HAL_Delay         stm32h7xx_hal.o
    0x08004948   0x08004948   0x00000084   Code   RO         5568    i.HAL_FDCAN_ActivateNotification  stm32h7xx_hal_fdcan.o
    0x080049cc   0x080049cc   0x0000006c   Code   RO         5570    i.HAL_FDCAN_AddMessageToTxFifoQ  stm32h7xx_hal_fdcan.o
    0x08004a38   0x08004a38   0x00000002   Code   RO         5571    i.HAL_FDCAN_ClockCalibrationCallback  stm32h7xx_hal_fdcan.o
    0x08004a3a   0x08004a3a   0x00000088   Code   RO         5575    i.HAL_FDCAN_ConfigFilter  stm32h7xx_hal_fdcan.o
    0x08004ac2   0x08004ac2   0x00000030   Code   RO         5576    i.HAL_FDCAN_ConfigGlobalFilter  stm32h7xx_hal_fdcan.o
    0x08004af2   0x08004af2   0x00000002   Code   RO         5597    i.HAL_FDCAN_ErrorCallback  stm32h7xx_hal_fdcan.o
    0x08004af4   0x08004af4   0x00000002   Code   RO         5598    i.HAL_FDCAN_ErrorStatusCallback  stm32h7xx_hal_fdcan.o
    0x08004af6   0x08004af6   0x00000002   PAD
    0x08004af8   0x08004af8   0x000001b0   Code   RO         5609    i.HAL_FDCAN_GetRxMessage  stm32h7xx_hal_fdcan.o
    0x08004ca8   0x08004ca8   0x00000002   Code   RO         5615    i.HAL_FDCAN_HighPriorityMessageCallback  stm32h7xx_hal_fdcan.o
    0x08004caa   0x08004caa   0x00000002   PAD
    0x08004cac   0x08004cac   0x000002ec   Code   RO         5616    i.HAL_FDCAN_IRQHandler  stm32h7xx_hal_fdcan.o
    0x08004f98   0x08004f98   0x00000268   Code   RO         5617    i.HAL_FDCAN_Init    stm32h7xx_hal_fdcan.o
    0x08005200   0x08005200   0x00000148   Code   RO          534    i.HAL_FDCAN_MspInit  fdcan.o
    0x08005348   0x08005348   0x00000002   Code   RO         5626    i.HAL_FDCAN_RxBufferNewMessageCallback  stm32h7xx_hal_fdcan.o
    0x0800534a   0x0800534a   0x00000002   PAD
    0x0800534c   0x0800534c   0x00000074   Code   RO         9600    i.HAL_FDCAN_RxFifo0Callback  can_bsp.o
    0x080053c0   0x080053c0   0x00000074   Code   RO         9601    i.HAL_FDCAN_RxFifo1Callback  can_bsp.o
    0x08005434   0x08005434   0x00000030   Code   RO         5629    i.HAL_FDCAN_Start   stm32h7xx_hal_fdcan.o
    0x08005464   0x08005464   0x00000002   Code   RO         5651    i.HAL_FDCAN_TT_GlobalTimeCallback  stm32h7xx_hal_fdcan.o
    0x08005466   0x08005466   0x00000002   Code   RO         5652    i.HAL_FDCAN_TT_ScheduleSyncCallback  stm32h7xx_hal_fdcan.o
    0x08005468   0x08005468   0x00000002   Code   RO         5657    i.HAL_FDCAN_TT_StopWatchCallback  stm32h7xx_hal_fdcan.o
    0x0800546a   0x0800546a   0x00000002   Code   RO         5658    i.HAL_FDCAN_TT_TimeMarkCallback  stm32h7xx_hal_fdcan.o
    0x0800546c   0x0800546c   0x00000002   Code   RO         5659    i.HAL_FDCAN_TimeoutOccurredCallback  stm32h7xx_hal_fdcan.o
    0x0800546e   0x0800546e   0x00000002   Code   RO         5660    i.HAL_FDCAN_TimestampWraparoundCallback  stm32h7xx_hal_fdcan.o
    0x08005470   0x08005470   0x00000002   Code   RO         5661    i.HAL_FDCAN_TxBufferAbortCallback  stm32h7xx_hal_fdcan.o
    0x08005472   0x08005472   0x00000002   Code   RO         5662    i.HAL_FDCAN_TxBufferCompleteCallback  stm32h7xx_hal_fdcan.o
    0x08005474   0x08005474   0x00000002   Code   RO         5663    i.HAL_FDCAN_TxEventFifoCallback  stm32h7xx_hal_fdcan.o
    0x08005476   0x08005476   0x00000002   Code   RO         5664    i.HAL_FDCAN_TxFifoEmptyCallback  stm32h7xx_hal_fdcan.o
    0x08005478   0x08005478   0x00000214   Code   RO         3160    i.HAL_GPIO_Init     stm32h7xx_hal_gpio.o
    0x0800568c   0x0800568c   0x0000000e   Code   RO         3164    i.HAL_GPIO_WritePin  stm32h7xx_hal_gpio.o
    0x0800569a   0x0800569a   0x00000002   PAD
    0x0800569c   0x0800569c   0x0000000c   Code   RO         4166    i.HAL_GetTick       stm32h7xx_hal.o
    0x080056a8   0x080056a8   0x00000010   Code   RO         4172    i.HAL_IncTick       stm32h7xx_hal.o
    0x080056b8   0x080056b8   0x0000005c   Code   RO         4173    i.HAL_Init          stm32h7xx_hal.o
    0x08005714   0x08005714   0x00000090   Code   RO          898    i.HAL_InitTick      stm32h7xx_hal_timebase_tim.o
    0x080057a4   0x080057a4   0x00000024   Code   RO          874    i.HAL_MspInit       stm32h7xx_hal_msp.o
    0x080057c8   0x080057c8   0x0000001a   Code   RO         4008    i.HAL_NVIC_EnableIRQ  stm32h7xx_hal_cortex.o
    0x080057e2   0x080057e2   0x00000002   PAD
    0x080057e4   0x080057e4   0x00000040   Code   RO         4014    i.HAL_NVIC_SetPriority  stm32h7xx_hal_cortex.o
    0x08005824   0x08005824   0x00000024   Code   RO         4015    i.HAL_NVIC_SetPriorityGrouping  stm32h7xx_hal_cortex.o
    0x08005848   0x08005848   0x00000028   Code   RO         2205    i.HAL_PCDEx_ActivateLPM  stm32h7xx_hal_pcd_ex.o
    0x08005870   0x08005870   0x00000002   Code   RO         2210    i.HAL_PCDEx_LPM_Callback  stm32h7xx_hal_pcd_ex.o
    0x08005872   0x08005872   0x00000008   Code   RO         2211    i.HAL_PCDEx_SetRxFiFo  stm32h7xx_hal_pcd_ex.o
    0x0800587a   0x0800587a   0x00000042   Code   RO         2212    i.HAL_PCDEx_SetTxFiFo  stm32h7xx_hal_pcd_ex.o
    0x080058bc   0x080058bc   0x00000008   Code   RO        10246    i.HAL_PCD_ConnectCallback  usbd_conf.o
    0x080058c4   0x080058c4   0x00000012   Code   RO        10247    i.HAL_PCD_DataInStageCallback  usbd_conf.o
    0x080058d6   0x080058d6   0x00000014   Code   RO        10248    i.HAL_PCD_DataOutStageCallback  usbd_conf.o
    0x080058ea   0x080058ea   0x00000008   Code   RO        10249    i.HAL_PCD_DisconnectCallback  usbd_conf.o
    0x080058f2   0x080058f2   0x0000001e   Code   RO         1976    i.HAL_PCD_EP_Abort  stm32h7xx_hal_pcd.o
    0x08005910   0x08005910   0x00000048   Code   RO         1977    i.HAL_PCD_EP_Close  stm32h7xx_hal_pcd.o
    0x08005958   0x08005958   0x00000058   Code   RO         1978    i.HAL_PCD_EP_ClrStall  stm32h7xx_hal_pcd.o
    0x080059b0   0x080059b0   0x00000012   Code   RO         1980    i.HAL_PCD_EP_GetRxCount  stm32h7xx_hal_pcd.o
    0x080059c2   0x080059c2   0x0000005c   Code   RO         1981    i.HAL_PCD_EP_Open   stm32h7xx_hal_pcd.o
    0x08005a1e   0x08005a1e   0x00000032   Code   RO         1982    i.HAL_PCD_EP_Receive  stm32h7xx_hal_pcd.o
    0x08005a50   0x08005a50   0x00000070   Code   RO         1983    i.HAL_PCD_EP_SetStall  stm32h7xx_hal_pcd.o
    0x08005ac0   0x08005ac0   0x00000032   Code   RO         1984    i.HAL_PCD_EP_Transmit  stm32h7xx_hal_pcd.o
    0x08005af2   0x08005af2   0x00000544   Code   RO         1986    i.HAL_PCD_IRQHandler  stm32h7xx_hal_pcd.o
    0x08006036   0x08006036   0x00000008   Code   RO        10250    i.HAL_PCD_ISOINIncompleteCallback  usbd_conf.o
    0x0800603e   0x0800603e   0x00000008   Code   RO        10251    i.HAL_PCD_ISOOUTIncompleteCallback  usbd_conf.o
    0x08006046   0x08006046   0x000000f0   Code   RO         1989    i.HAL_PCD_Init      stm32h7xx_hal_pcd.o
    0x08006136   0x08006136   0x00000002   PAD
    0x08006138   0x08006138   0x00000064   Code   RO        10253    i.HAL_PCD_MspInit   usbd_conf.o
    0x0800619c   0x0800619c   0x0000002e   Code   RO        10254    i.HAL_PCD_ResetCallback  usbd_conf.o
    0x080061ca   0x080061ca   0x00000008   Code   RO        10255    i.HAL_PCD_ResumeCallback  usbd_conf.o
    0x080061d2   0x080061d2   0x00000008   Code   RO        10256    i.HAL_PCD_SOFCallback  usbd_conf.o
    0x080061da   0x080061da   0x00000028   Code   RO         1995    i.HAL_PCD_SetAddress  stm32h7xx_hal_pcd.o
    0x08006202   0x08006202   0x0000000e   Code   RO        10257    i.HAL_PCD_SetupStageCallback  usbd_conf.o
    0x08006210   0x08006210   0x00000042   Code   RO         1998    i.HAL_PCD_Start     stm32h7xx_hal_pcd.o
    0x08006252   0x08006252   0x00000002   PAD
    0x08006254   0x08006254   0x00000030   Code   RO        10258    i.HAL_PCD_SuspendCallback  usbd_conf.o
    0x08006284   0x08006284   0x00000058   Code   RO         3761    i.HAL_PWREx_ConfigSupply  stm32h7xx_hal_pwr_ex.o
    0x080062dc   0x080062dc   0x00000010   Code   RO         3778    i.HAL_PWREx_EnableUSBVoltageDetector  stm32h7xx_hal_pwr_ex.o
    0x080062ec   0x080062ec   0x00000024   Code   RO         2703    i.HAL_RCCEx_GetD3PCLK1Freq  stm32h7xx_hal_rcc_ex.o
    0x08006310   0x08006310   0x000001c0   Code   RO         2704    i.HAL_RCCEx_GetPLL1ClockFreq  stm32h7xx_hal_rcc_ex.o
    0x080064d0   0x080064d0   0x000001c0   Code   RO         2705    i.HAL_RCCEx_GetPLL2ClockFreq  stm32h7xx_hal_rcc_ex.o
    0x08006690   0x08006690   0x000001c0   Code   RO         2706    i.HAL_RCCEx_GetPLL3ClockFreq  stm32h7xx_hal_rcc_ex.o
    0x08006850   0x08006850   0x00000544   Code   RO         2708    i.HAL_RCCEx_GetPeriphCLKFreq  stm32h7xx_hal_rcc_ex.o
    0x08006d94   0x08006d94   0x00000990   Code   RO         2712    i.HAL_RCCEx_PeriphCLKConfig  stm32h7xx_hal_rcc_ex.o
    0x08007724   0x08007724   0x0000027c   Code   RO         2588    i.HAL_RCC_ClockConfig  stm32h7xx_hal_rcc.o
    0x080079a0   0x080079a0   0x00000060   Code   RO         2592    i.HAL_RCC_GetClockConfig  stm32h7xx_hal_rcc.o
    0x08007a00   0x08007a00   0x00000044   Code   RO         2593    i.HAL_RCC_GetHCLKFreq  stm32h7xx_hal_rcc.o
    0x08007a44   0x08007a44   0x00000024   Code   RO         2595    i.HAL_RCC_GetPCLK1Freq  stm32h7xx_hal_rcc.o
    0x08007a68   0x08007a68   0x00000024   Code   RO         2596    i.HAL_RCC_GetPCLK2Freq  stm32h7xx_hal_rcc.o
    0x08007a8c   0x08007a8c   0x000001b4   Code   RO         2597    i.HAL_RCC_GetSysClockFreq  stm32h7xx_hal_rcc.o
    0x08007c40   0x08007c40   0x000005d8   Code   RO         2600    i.HAL_RCC_OscConfig  stm32h7xx_hal_rcc.o
    0x08008218   0x08008218   0x00000002   Code   RO         6190    i.HAL_SPI_ErrorCallback  stm32h7xx_hal_spi.o
    0x0800821a   0x0800821a   0x00000002   PAD
    0x0800821c   0x0800821c   0x0000022c   Code   RO         6193    i.HAL_SPI_IRQHandler  stm32h7xx_hal_spi.o
    0x08008448   0x08008448   0x00000174   Code   RO         6194    i.HAL_SPI_Init      stm32h7xx_hal_spi.o
    0x080085bc   0x080085bc   0x00000138   Code   RO          589    i.HAL_SPI_MspInit   spi.o
    0x080086f4   0x080086f4   0x00000002   Code   RO         6200    i.HAL_SPI_RxCpltCallback  stm32h7xx_hal_spi.o
    0x080086f6   0x080086f6   0x00000002   Code   RO         6202    i.HAL_SPI_SuspendCallback  stm32h7xx_hal_spi.o
    0x080086f8   0x080086f8   0x00000270   Code   RO         6204    i.HAL_SPI_TransmitReceive  stm32h7xx_hal_spi.o
    0x08008968   0x08008968   0x00000002   Code   RO         6209    i.HAL_SPI_TxCpltCallback  stm32h7xx_hal_spi.o
    0x0800896a   0x0800896a   0x00000002   Code   RO         6211    i.HAL_SPI_TxRxCpltCallback  stm32h7xx_hal_spi.o
    0x0800896c   0x0800896c   0x00000010   Code   RO         4180    i.HAL_SYSCFG_AnalogSwitchConfig  stm32h7xx_hal.o
    0x0800897c   0x0800897c   0x00000002   Code   RO         1664    i.HAL_TIMEx_Break2Callback  stm32h7xx_hal_tim_ex.o
    0x0800897e   0x0800897e   0x00000002   Code   RO         1665    i.HAL_TIMEx_BreakCallback  stm32h7xx_hal_tim_ex.o
    0x08008980   0x08008980   0x00000002   Code   RO         1666    i.HAL_TIMEx_CommutCallback  stm32h7xx_hal_tim_ex.o
    0x08008982   0x08008982   0x00000002   PAD
    0x08008984   0x08008984   0x000000ac   Code   RO         1668    i.HAL_TIMEx_ConfigBreakDeadTime  stm32h7xx_hal_tim_ex.o
    0x08008a30   0x08008a30   0x000000b4   Code   RO         1687    i.HAL_TIMEx_MasterConfigSynchronization  stm32h7xx_hal_tim_ex.o
    0x08008ae4   0x08008ae4   0x0000004e   Code   RO          939    i.HAL_TIM_Base_Init  stm32h7xx_hal_tim.o
    0x08008b32   0x08008b32   0x00000002   PAD
    0x08008b34   0x08008b34   0x00000068   Code   RO          631    i.HAL_TIM_Base_MspInit  tim.o
    0x08008b9c   0x08008b9c   0x000000a8   Code   RO          944    i.HAL_TIM_Base_Start_IT  stm32h7xx_hal_tim.o
    0x08008c44   0x08008c44   0x00000108   Code   RO          948    i.HAL_TIM_ConfigClockSource  stm32h7xx_hal_tim.o
    0x08008d4c   0x08008d4c   0x00000002   Code   RO          973    i.HAL_TIM_IC_CaptureCallback  stm32h7xx_hal_tim.o
    0x08008d4e   0x08008d4e   0x0000018c   Code   RO          987    i.HAL_TIM_IRQHandler  stm32h7xx_hal_tim.o
    0x08008eda   0x08008eda   0x00000002   PAD
    0x08008edc   0x08008edc   0x000000b4   Code   RO          632    i.HAL_TIM_MspPostInit  tim.o
    0x08008f90   0x08008f90   0x00000002   Code   RO          990    i.HAL_TIM_OC_DelayElapsedCallback  stm32h7xx_hal_tim.o
    0x08008f92   0x08008f92   0x00000136   Code   RO         1011    i.HAL_TIM_PWM_ConfigChannel  stm32h7xx_hal_tim.o
    0x080090c8   0x080090c8   0x0000004e   Code   RO         1014    i.HAL_TIM_PWM_Init  stm32h7xx_hal_tim.o
    0x08009116   0x08009116   0x00000002   PAD
    0x08009118   0x08009118   0x00000044   Code   RO          634    i.HAL_TIM_PWM_MspInit  tim.o
    0x0800915c   0x0800915c   0x00000002   Code   RO         1017    i.HAL_TIM_PWM_PulseFinishedCallback  stm32h7xx_hal_tim.o
    0x0800915e   0x0800915e   0x00000002   PAD
    0x08009160   0x08009160   0x0000013c   Code   RO         1019    i.HAL_TIM_PWM_Start  stm32h7xx_hal_tim.o
    0x0800929c   0x0800929c   0x000000b0   Code   RO         1022    i.HAL_TIM_PWM_Stop  stm32h7xx_hal_tim.o
    0x0800934c   0x0800934c   0x0000000e   Code   RO           14    i.HAL_TIM_PeriodElapsedCallback  main.o
    0x0800935a   0x0800935a   0x00000002   Code   RO         1030    i.HAL_TIM_TriggerCallback  stm32h7xx_hal_tim.o
    0x0800935c   0x0800935c   0x0000003e   Code   RO         6942    i.HAL_UARTEx_DisableFifoMode  stm32h7xx_hal_uart_ex.o
    0x0800939a   0x0800939a   0x00000052   Code   RO         6948    i.HAL_UARTEx_ReceiveToIdle_DMA  stm32h7xx_hal_uart_ex.o
    0x080093ec   0x080093ec   0x0000004c   Code   RO         9680    i.HAL_UARTEx_RxEventCallback  uart_bsp.o
    0x08009438   0x08009438   0x00000002   Code   RO         6950    i.HAL_UARTEx_RxFifoFullCallback  stm32h7xx_hal_uart_ex.o
    0x0800943a   0x0800943a   0x0000004c   Code   RO         6951    i.HAL_UARTEx_SetRxFifoThreshold  stm32h7xx_hal_uart_ex.o
    0x08009486   0x08009486   0x0000004c   Code   RO         6952    i.HAL_UARTEx_SetTxFifoThreshold  stm32h7xx_hal_uart_ex.o
    0x080094d2   0x080094d2   0x00000002   Code   RO         6954    i.HAL_UARTEx_TxFifoEmptyCallback  stm32h7xx_hal_uart_ex.o
    0x080094d4   0x080094d4   0x00000002   Code   RO         6955    i.HAL_UARTEx_WakeupCallback  stm32h7xx_hal_uart_ex.o
    0x080094d6   0x080094d6   0x00000002   PAD
    0x080094d8   0x080094d8   0x00000030   Code   RO         9681    i.HAL_UART_ErrorCallback  uart_bsp.o
    0x08009508   0x08009508   0x00000394   Code   RO         6545    i.HAL_UART_IRQHandler  stm32h7xx_hal_uart.o
    0x0800989c   0x0800989c   0x00000070   Code   RO         6546    i.HAL_UART_Init     stm32h7xx_hal_uart.o
    0x0800990c   0x0800990c   0x000000f4   Code   RO          703    i.HAL_UART_MspInit  usart.o
    0x08009a00   0x08009a00   0x00000002   Code   RO         6553    i.HAL_UART_RxCpltCallback  stm32h7xx_hal_uart.o
    0x08009a02   0x08009a02   0x00000002   Code   RO         6554    i.HAL_UART_RxHalfCpltCallback  stm32h7xx_hal_uart.o
    0x08009a04   0x08009a04   0x00000002   Code   RO         6558    i.HAL_UART_TxCpltCallback  stm32h7xx_hal_uart.o
    0x08009a06   0x08009a06   0x00000002   PAD
    0x08009a08   0x08009a08   0x000000fc   Code   RO         7567    i.H_K_R_Adjustment  kalman_filter.o
    0x08009b04   0x08009b04   0x00000002   Code   RO          754    i.HardFault_Handler  stm32h7xx_it.o
    0x08009b06   0x08009b06   0x00000002   PAD
    0x08009b08   0x08009b08   0x00000034   Code   RO         9095    i.INS_Init          ins_task.o
    0x08009b3c   0x08009b3c   0x00000006   Code   RO          351    i.INS_Task          freertos.o
    0x08009b42   0x08009b42   0x00000002   PAD
    0x08009b44   0x08009b44   0x0000024c   Code   RO         9096    i.INS_task          ins_task.o
    0x08009d90   0x08009d90   0x0000003a   Code   RO        10093    i.IntToUnicode      usbd_desc.o
    0x08009dca   0x08009dca   0x00000002   PAD
    0x08009dcc   0x08009dcc   0x000003f8   Code   RO         7568    i.Kalman_Filter_Init  kalman_filter.o
    0x0800a1c4   0x0800a1c4   0x00000048   Code   RO         7569    i.Kalman_Filter_Measure  kalman_filter.o
    0x0800a20c   0x0800a20c   0x00000062   Code   RO         7570    i.Kalman_Filter_P_Update  kalman_filter.o
    0x0800a26e   0x0800a26e   0x0000006c   Code   RO         7571    i.Kalman_Filter_PminusUpdate  kalman_filter.o
    0x0800a2da   0x0800a2da   0x000000be   Code   RO         7572    i.Kalman_Filter_SetK  kalman_filter.o
    0x0800a398   0x0800a398   0x000000ec   Code   RO         7573    i.Kalman_Filter_Update  kalman_filter.o
    0x0800a484   0x0800a484   0x00000074   Code   RO         7574    i.Kalman_Filter_xhatMinusUpdate  kalman_filter.o
    0x0800a4f8   0x0800a4f8   0x00000080   Code   RO         7575    i.Kalman_Filter_xhatUpdate  kalman_filter.o
    0x0800a578   0x0800a578   0x0000000c   Code   RO         5118    i.LL_ADC_GetOffsetChannel  stm32h7xx_hal_adc.o
    0x0800a584   0x0800a584   0x00000008   Code   RO         5119    i.LL_ADC_INJ_IsConversionOngoing  stm32h7xx_hal_adc.o
    0x0800a58c   0x0800a58c   0x00000008   Code   RO         5120    i.LL_ADC_IsEnabled  stm32h7xx_hal_adc.o
    0x0800a594   0x0800a594   0x00000008   Code   RO         5121    i.LL_ADC_REG_IsConversionOngoing  stm32h7xx_hal_adc.o
    0x0800a59c   0x0800a59c   0x00000008   Code   RO         5357    i.LL_ADC_REG_IsConversionOngoing  stm32h7xx_hal_adc_ex.o
    0x0800a5a4   0x0800a5a4   0x00000010   Code   RO         5122    i.LL_ADC_REG_IsTriggerSourceSWStart  stm32h7xx_hal_adc.o
    0x0800a5b4   0x0800a5b4   0x0000001e   Code   RO         5124    i.LL_ADC_SetChannelSamplingTime  stm32h7xx_hal_adc.o
    0x0800a5d2   0x0800a5d2   0x00000002   PAD
    0x0800a5d4   0x0800a5d4   0x00000028   Code   RO         5125    i.LL_ADC_SetOffsetState  stm32h7xx_hal_adc.o
    0x0800a5fc   0x0800a5fc   0x0000002e   Code   RO         7496    i.LQR_K_calc        vmc_calc.o
    0x0800a62a   0x0800a62a   0x00000002   PAD
    0x0800a62c   0x0800a62c   0x000000b4   Code   RO          469    i.MX_ADC1_Init      adc.o
    0x0800a6e0   0x0800a6e0   0x0000006c   Code   RO          509    i.MX_DMA_Init       dma.o
    0x0800a74c   0x0800a74c   0x00000064   Code   RO          535    i.MX_FDCAN1_Init    fdcan.o
    0x0800a7b0   0x0800a7b0   0x0000006c   Code   RO          536    i.MX_FDCAN2_Init    fdcan.o
    0x0800a81c   0x0800a81c   0x0000006c   Code   RO          537    i.MX_FDCAN3_Init    fdcan.o
    0x0800a888   0x0800a888   0x000000ac   Code   RO          352    i.MX_FREERTOS_Init  freertos.o
    0x0800a934   0x0800a934   0x000000f4   Code   RO          325    i.MX_GPIO_Init      gpio.o
    0x0800aa28   0x0800aa28   0x00000060   Code   RO          590    i.MX_SPI2_Init      spi.o
    0x0800aa88   0x0800aa88   0x00000078   Code   RO          635    i.MX_TIM12_Init     tim.o
    0x0800ab00   0x0800ab00   0x000000d4   Code   RO          636    i.MX_TIM1_Init      tim.o
    0x0800abd4   0x0800abd4   0x00000074   Code   RO          637    i.MX_TIM3_Init      tim.o
    0x0800ac48   0x0800ac48   0x00000070   Code   RO          704    i.MX_UART5_Init     usart.o
    0x0800acb8   0x0800acb8   0x00000054   Code   RO        10061    i.MX_USB_DEVICE_Init  usb_device.o
    0x0800ad0c   0x0800ad0c   0x00000002   Code   RO          755    i.MemManage_Handler  stm32h7xx_it.o
    0x0800ad0e   0x0800ad0e   0x00000002   Code   RO          756    i.NMI_Handler       stm32h7xx_it.o
    0x0800ad10   0x0800ad10   0x00000006   Code   RO          353    i.OBSERVE_Task      freertos.o
    0x0800ad16   0x0800ad16   0x00000002   PAD
    0x0800ad18   0x0800ad18   0x0000000c   Code   RO          757    i.OTG_HS_IRQHandler  stm32h7xx_it.o
    0x0800ad24   0x0800ad24   0x00000138   Code   RO         9267    i.Observe_task      observe_task.o
    0x0800ae5c   0x0800ae5c   0x00000048   Code   RO         2001    i.PCD_EP_OutSetupPacket_int  stm32h7xx_hal_pcd.o
    0x0800aea4   0x0800aea4   0x000000e4   Code   RO         2002    i.PCD_EP_OutXfrComplete_int  stm32h7xx_hal_pcd.o
    0x0800af88   0x0800af88   0x0000009c   Code   RO         2003    i.PCD_WriteEmptyTxFifo  stm32h7xx_hal_pcd.o
    0x0800b024   0x0800b024   0x00000160   Code   RO         7784    i.PID_Calc          pid.o
    0x0800b184   0x0800b184   0x0000005c   Code   RO         7786    i.PID_init          pid.o
    0x0800b1e0   0x0800b1e0   0x0000005c   Code   RO         9208    i.Pensation_init    chassisr_task.o
    0x0800b23c   0x0800b23c   0x00000048   Code   RO           15    i.PeriphCommonClock_Config  main.o
    0x0800b284   0x0800b284   0x00000124   Code   RO         2715    i.RCCEx_PLL2_Config  stm32h7xx_hal_rcc_ex.o
    0x0800b3a8   0x0800b3a8   0x00000124   Code   RO         2716    i.RCCEx_PLL3_Config  stm32h7xx_hal_rcc_ex.o
    0x0800b4cc   0x0800b4cc   0x00000006   Code   RO          354    i.Remote_Task       freertos.o
    0x0800b4d2   0x0800b4d2   0x00000002   PAD
    0x0800b4d4   0x0800b4d4   0x00000400   Code   RO         9442    i.Remote_task       remote_task.o
    0x0800b8d4   0x0800b8d4   0x000000b2   Code   RO         7356    i.RotationMatrix_update  mahony_filter.o
    0x0800b986   0x0800b986   0x00000002   PAD
    0x0800b988   0x0800b988   0x0000000c   Code   RO          758    i.SPI2_IRQHandler   stm32h7xx_it.o
    0x0800b994   0x0800b994   0x000000ba   Code   RO         6214    i.SPI_CloseTransfer  stm32h7xx_hal_spi.o
    0x0800ba4e   0x0800ba4e   0x00000018   Code   RO         6215    i.SPI_DMAAbortOnError  stm32h7xx_hal_spi.o
    0x0800ba66   0x0800ba66   0x00000014   Code   RO         6225    i.SPI_GetPacketSize  stm32h7xx_hal_spi.o
    0x0800ba7a   0x0800ba7a   0x00000042   Code   RO         6232    i.SPI_WaitOnFlagUntilTimeout  stm32h7xx_hal_spi.o
    0x0800babc   0x0800babc   0x0000000a   Code   RO        10615    i.SWAPBYTE          usbd_ctlreq.o
    0x0800bac6   0x0800bac6   0x00000010   Code   RO          355    i.StartDefaultTask  freertos.o
    0x0800bad6   0x0800bad6   0x00000002   PAD
    0x0800bad8   0x0800bad8   0x0000002c   Code   RO         9014    i.SysTick_Handler   port.o
    0x0800bb04   0x0800bb04   0x0000009c   Code   RO           16    i.SystemClock_Config  main.o
    0x0800bba0   0x0800bba0   0x000000c0   Code   RO         7066    i.SystemInit        system_stm32h7xx.o
    0x0800bc60   0x0800bc60   0x0000000c   Code   RO          759    i.TIM2_IRQHandler   stm32h7xx_it.o
    0x0800bc6c   0x0800bc6c   0x000000d4   Code   RO         1032    i.TIM_Base_SetConfig  stm32h7xx_hal_tim.o
    0x0800bd40   0x0800bd40   0x0000001a   Code   RO         1033    i.TIM_CCxChannelCmd  stm32h7xx_hal_tim.o
    0x0800bd5a   0x0800bd5a   0x00000014   Code   RO         1043    i.TIM_ETR_SetConfig  stm32h7xx_hal_tim.o
    0x0800bd6e   0x0800bd6e   0x00000002   PAD
    0x0800bd70   0x0800bd70   0x00000014   Code   RO         1044    i.TIM_ITRx_SetConfig  stm32h7xx_hal_tim.o
    0x0800bd84   0x0800bd84   0x000000a0   Code   RO         1045    i.TIM_OC1_SetConfig  stm32h7xx_hal_tim.o
    0x0800be24   0x0800be24   0x00000094   Code   RO         1046    i.TIM_OC2_SetConfig  stm32h7xx_hal_tim.o
    0x0800beb8   0x0800beb8   0x00000094   Code   RO         1047    i.TIM_OC3_SetConfig  stm32h7xx_hal_tim.o
    0x0800bf4c   0x0800bf4c   0x00000074   Code   RO         1048    i.TIM_OC4_SetConfig  stm32h7xx_hal_tim.o
    0x0800bfc0   0x0800bfc0   0x00000070   Code   RO         1049    i.TIM_OC5_SetConfig  stm32h7xx_hal_tim.o
    0x0800c030   0x0800c030   0x00000070   Code   RO         1050    i.TIM_OC6_SetConfig  stm32h7xx_hal_tim.o
    0x0800c0a0   0x0800c0a0   0x00000022   Code   RO         1052    i.TIM_TI1_ConfigInputStage  stm32h7xx_hal_tim.o
    0x0800c0c2   0x0800c0c2   0x00000024   Code   RO         1054    i.TIM_TI2_ConfigInputStage  stm32h7xx_hal_tim.o
    0x0800c0e6   0x0800c0e6   0x00000002   PAD
    0x0800c0e8   0x0800c0e8   0x00000020   Code   RO          760    i.UART5_IRQHandler  stm32h7xx_it.o
    0x0800c108   0x0800c108   0x00000048   Code   RO         6956    i.UARTEx_SetNbDataToProcess  stm32h7xx_hal_uart_ex.o
    0x0800c150   0x0800c150   0x000000c8   Code   RO         6560    i.UART_AdvFeatureConfig  stm32h7xx_hal_uart.o
    0x0800c218   0x0800c218   0x000000aa   Code   RO         6561    i.UART_CheckIdleState  stm32h7xx_hal_uart.o
    0x0800c2c2   0x0800c2c2   0x00000014   Code   RO         6562    i.UART_DMAAbortOnError  stm32h7xx_hal_uart.o
    0x0800c2d6   0x0800c2d6   0x00000050   Code   RO         6563    i.UART_DMAError     stm32h7xx_hal_uart.o
    0x0800c326   0x0800c326   0x00000084   Code   RO         6564    i.UART_DMAReceiveCplt  stm32h7xx_hal_uart.o
    0x0800c3aa   0x0800c3aa   0x00000020   Code   RO         6566    i.UART_DMARxHalfCplt  stm32h7xx_hal_uart.o
    0x0800c3ca   0x0800c3ca   0x00000002   PAD
    0x0800c3cc   0x0800c3cc   0x00000054   Code   RO         6572    i.UART_EndRxTransfer  stm32h7xx_hal_uart.o
    0x0800c420   0x0800c420   0x00000024   Code   RO         6573    i.UART_EndTransmit_IT  stm32h7xx_hal_uart.o
    0x0800c444   0x0800c444   0x0000002e   Code   RO         6574    i.UART_EndTxTransfer  stm32h7xx_hal_uart.o
    0x0800c472   0x0800c472   0x00000002   PAD
    0x0800c474   0x0800c474   0x0000052e   Code   RO         6579    i.UART_SetConfig    stm32h7xx_hal_uart.o
    0x0800c9a2   0x0800c9a2   0x00000002   PAD
    0x0800c9a4   0x0800c9a4   0x000000a4   Code   RO         6580    i.UART_Start_Receive_DMA  stm32h7xx_hal_uart.o
    0x0800ca48   0x0800ca48   0x00000090   Code   RO         6586    i.UART_WaitOnFlagUntilTimeout  stm32h7xx_hal_uart.o
    0x0800cad8   0x0800cad8   0x00000078   Code   RO        10778    i.USBD_CDC_DataIn   usbd_cdc.o
    0x0800cb50   0x0800cb50   0x0000003e   Code   RO        10779    i.USBD_CDC_DataOut  usbd_cdc.o
    0x0800cb8e   0x0800cb8e   0x00000002   PAD
    0x0800cb90   0x0800cb90   0x00000094   Code   RO        10780    i.USBD_CDC_DeInit   usbd_cdc.o
    0x0800cc24   0x0800cc24   0x00000038   Code   RO        10781    i.USBD_CDC_EP0_RxReady  usbd_cdc.o
    0x0800cc5c   0x0800cc5c   0x0000000c   Code   RO        10782    i.USBD_CDC_GetDeviceQualifierDescriptor  usbd_cdc.o
    0x0800cc68   0x0800cc68   0x0000003c   Code   RO        10783    i.USBD_CDC_GetFSCfgDesc  usbd_cdc.o
    0x0800cca4   0x0800cca4   0x00000040   Code   RO        10784    i.USBD_CDC_GetHSCfgDesc  usbd_cdc.o
    0x0800cce4   0x0800cce4   0x0000003c   Code   RO        10785    i.USBD_CDC_GetOtherSpeedCfgDesc  usbd_cdc.o
    0x0800cd20   0x0800cd20   0x0000015c   Code   RO        10786    i.USBD_CDC_Init     usbd_cdc.o
    0x0800ce7c   0x0800ce7c   0x00000040   Code   RO        10787    i.USBD_CDC_ReceivePacket  usbd_cdc.o
    0x0800cebc   0x0800cebc   0x00000018   Code   RO        10788    i.USBD_CDC_RegisterInterface  usbd_cdc.o
    0x0800ced4   0x0800ced4   0x0000001c   Code   RO        10789    i.USBD_CDC_SetRxBuffer  usbd_cdc.o
    0x0800cef0   0x0800cef0   0x00000020   Code   RO        10790    i.USBD_CDC_SetTxBuffer  usbd_cdc.o
    0x0800cf10   0x0800cf10   0x0000010a   Code   RO        10791    i.USBD_CDC_Setup    usbd_cdc.o
    0x0800d01a   0x0800d01a   0x00000002   PAD
    0x0800d01c   0x0800d01c   0x00000050   Code   RO        10792    i.USBD_CDC_TransmitPacket  usbd_cdc.o
    0x0800d06c   0x0800d06c   0x00000014   Code   RO        10453    i.USBD_ClrClassConfig  usbd_core.o
    0x0800d080   0x0800d080   0x00000026   Code   RO        10616    i.USBD_ClrFeature   usbd_ctlreq.o
    0x0800d0a6   0x0800d0a6   0x00000004   Code   RO        10454    i.USBD_CoreFindEP   usbd_core.o
    0x0800d0aa   0x0800d0aa   0x00000004   Code   RO        10455    i.USBD_CoreFindIF   usbd_core.o
    0x0800d0ae   0x0800d0ae   0x00000010   Code   RO        10718    i.USBD_CtlContinueRx  usbd_ioreq.o
    0x0800d0be   0x0800d0be   0x00000010   Code   RO        10719    i.USBD_CtlContinueSendData  usbd_ioreq.o
    0x0800d0ce   0x0800d0ce   0x00000018   Code   RO        10617    i.USBD_CtlError     usbd_ctlreq.o
    0x0800d0e6   0x0800d0e6   0x0000001e   Code   RO        10720    i.USBD_CtlPrepareRx  usbd_ioreq.o
    0x0800d104   0x0800d104   0x00000016   Code   RO        10721    i.USBD_CtlReceiveStatus  usbd_ioreq.o
    0x0800d11a   0x0800d11a   0x0000001a   Code   RO        10722    i.USBD_CtlSendData  usbd_ioreq.o
    0x0800d134   0x0800d134   0x00000016   Code   RO        10723    i.USBD_CtlSendStatus  usbd_ioreq.o
    0x0800d14a   0x0800d14a   0x0000003a   Code   RO        10618    i.USBD_GetConfig    usbd_ctlreq.o
    0x0800d184   0x0800d184   0x000001e4   Code   RO        10619    i.USBD_GetDescriptor  usbd_ctlreq.o
    0x0800d368   0x0800d368   0x0000003a   Code   RO        10457    i.USBD_GetEpDesc    usbd_core.o
    0x0800d3a2   0x0800d3a2   0x00000014   Code   RO        10620    i.USBD_GetLen       usbd_ctlreq.o
    0x0800d3b6   0x0800d3b6   0x0000000e   Code   RO        10458    i.USBD_GetNextDesc  usbd_core.o
    0x0800d3c4   0x0800d3c4   0x0000003c   Code   RO        10621    i.USBD_GetStatus    usbd_ctlreq.o
    0x0800d400   0x0800d400   0x0000003e   Code   RO        10622    i.USBD_GetString    usbd_ctlreq.o
    0x0800d43e   0x0800d43e   0x00000024   Code   RO        10259    i.USBD_Get_USB_Status  usbd_conf.o
    0x0800d462   0x0800d462   0x00000002   PAD
    0x0800d464   0x0800d464   0x00000030   Code   RO        10094    i.USBD_HS_ConfigStrDescriptor  usbd_desc.o
    0x0800d494   0x0800d494   0x0000000c   Code   RO        10095    i.USBD_HS_DeviceDescriptor  usbd_desc.o
    0x0800d4a0   0x0800d4a0   0x00000034   Code   RO        10096    i.USBD_HS_InterfaceStrDescriptor  usbd_desc.o
    0x0800d4d4   0x0800d4d4   0x0000000c   Code   RO        10097    i.USBD_HS_LangIDStrDescriptor  usbd_desc.o
    0x0800d4e0   0x0800d4e0   0x00000028   Code   RO        10098    i.USBD_HS_ManufacturerStrDescriptor  usbd_desc.o
    0x0800d508   0x0800d508   0x0000003c   Code   RO        10099    i.USBD_HS_ProductStrDescriptor  usbd_desc.o
    0x0800d544   0x0800d544   0x00000014   Code   RO        10100    i.USBD_HS_SerialStrDescriptor  usbd_desc.o
    0x0800d558   0x0800d558   0x00000028   Code   RO        10459    i.USBD_Init         usbd_core.o
    0x0800d580   0x0800d580   0x00000012   Code   RO        10260    i.USBD_LL_ClearStallEP  usbd_conf.o
    0x0800d592   0x0800d592   0x00000012   Code   RO        10261    i.USBD_LL_CloseEP   usbd_conf.o
    0x0800d5a4   0x0800d5a4   0x000000dc   Code   RO        10460    i.USBD_LL_DataInStage  usbd_core.o
    0x0800d680   0x0800d680   0x000000ca   Code   RO        10461    i.USBD_LL_DataOutStage  usbd_core.o
    0x0800d74a   0x0800d74a   0x00000004   Code   RO        10462    i.USBD_LL_DevConnected  usbd_core.o
    0x0800d74e   0x0800d74e   0x00000020   Code   RO        10463    i.USBD_LL_DevDisconnected  usbd_core.o
    0x0800d76e   0x0800d76e   0x00000008   Code   RO        10265    i.USBD_LL_GetRxDataSize  usbd_conf.o
    0x0800d776   0x0800d776   0x00000002   PAD
    0x0800d778   0x0800d778   0x00000068   Code   RO        10266    i.USBD_LL_Init      usbd_conf.o
    0x0800d7e0   0x0800d7e0   0x00000020   Code   RO        10267    i.USBD_LL_IsStallEP  usbd_conf.o
    0x0800d800   0x0800d800   0x0000002a   Code   RO        10464    i.USBD_LL_IsoINIncomplete  usbd_core.o
    0x0800d82a   0x0800d82a   0x0000002a   Code   RO        10465    i.USBD_LL_IsoOUTIncomplete  usbd_core.o
    0x0800d854   0x0800d854   0x00000018   Code   RO        10268    i.USBD_LL_OpenEP    usbd_conf.o
    0x0800d86c   0x0800d86c   0x00000012   Code   RO        10269    i.USBD_LL_PrepareReceive  usbd_conf.o
    0x0800d87e   0x0800d87e   0x00000060   Code   RO        10466    i.USBD_LL_Reset     usbd_core.o
    0x0800d8de   0x0800d8de   0x00000014   Code   RO        10467    i.USBD_LL_Resume    usbd_core.o
    0x0800d8f2   0x0800d8f2   0x0000001a   Code   RO        10468    i.USBD_LL_SOF       usbd_core.o
    0x0800d90c   0x0800d90c   0x00000006   Code   RO        10469    i.USBD_LL_SetSpeed  usbd_core.o
    0x0800d912   0x0800d912   0x00000012   Code   RO        10270    i.USBD_LL_SetUSBAddress  usbd_conf.o
    0x0800d924   0x0800d924   0x00000060   Code   RO        10470    i.USBD_LL_SetupStage  usbd_core.o
    0x0800d984   0x0800d984   0x00000012   Code   RO        10271    i.USBD_LL_StallEP   usbd_conf.o
    0x0800d996   0x0800d996   0x00000012   Code   RO        10272    i.USBD_LL_Start     usbd_conf.o
    0x0800d9a8   0x0800d9a8   0x0000001a   Code   RO        10471    i.USBD_LL_Suspend   usbd_core.o
    0x0800d9c2   0x0800d9c2   0x00000012   Code   RO        10274    i.USBD_LL_Transmit  usbd_conf.o
    0x0800d9d4   0x0800d9d4   0x00000032   Code   RO        10623    i.USBD_ParseSetupRequest  usbd_ctlreq.o
    0x0800da06   0x0800da06   0x0000003a   Code   RO        10472    i.USBD_RegisterClass  usbd_core.o
    0x0800da40   0x0800da40   0x00000004   Code   RO        10473    i.USBD_RunTestMode  usbd_core.o
    0x0800da44   0x0800da44   0x00000058   Code   RO        10624    i.USBD_SetAddress   usbd_ctlreq.o
    0x0800da9c   0x0800da9c   0x00000014   Code   RO        10474    i.USBD_SetClassConfig  usbd_core.o
    0x0800dab0   0x0800dab0   0x000000dc   Code   RO        10625    i.USBD_SetConfig    usbd_ctlreq.o
    0x0800db8c   0x0800db8c   0x00000024   Code   RO        10626    i.USBD_SetFeature   usbd_ctlreq.o
    0x0800dbb0   0x0800dbb0   0x00000004   Code   RO        10475    i.USBD_Start        usbd_core.o
    0x0800dbb4   0x0800dbb4   0x00000076   Code   RO        10627    i.USBD_StdDevReq    usbd_ctlreq.o
    0x0800dc2a   0x0800dc2a   0x00000220   Code   RO        10628    i.USBD_StdEPReq     usbd_ctlreq.o
    0x0800de4a   0x0800de4a   0x0000008e   Code   RO        10629    i.USBD_StdItfReq    usbd_ctlreq.o
    0x0800ded8   0x0800ded8   0x00000002   Code   RO        10275    i.USBD_static_free  usbd_conf.o
    0x0800deda   0x0800deda   0x00000002   PAD
    0x0800dedc   0x0800dedc   0x00000008   Code   RO        10276    i.USBD_static_malloc  usbd_conf.o
    0x0800dee4   0x0800dee4   0x00000084   Code   RO         2277    i.USB_ActivateEndpoint  stm32h7xx_ll_usb.o
    0x0800df68   0x0800df68   0x0000001c   Code   RO         2279    i.USB_ActivateSetup  stm32h7xx_ll_usb.o
    0x0800df84   0x0800df84   0x000002c4   Code   RO         9722    i.USB_Comm_OnReceive  usb_comm.o
    0x0800e248   0x0800e248   0x00000094   Code   RO         2281    i.USB_CoreInit      stm32h7xx_ll_usb.o
    0x0800e2dc   0x0800e2dc   0x00000048   Code   RO         2282    i.USB_CoreReset     stm32h7xx_ll_usb.o
    0x0800e324   0x0800e324   0x000000c8   Code   RO         2285    i.USB_DeactivateEndpoint  stm32h7xx_ll_usb.o
    0x0800e3ec   0x0800e3ec   0x0000001c   Code   RO         2286    i.USB_DevConnect    stm32h7xx_ll_usb.o
    0x0800e408   0x0800e408   0x0000001c   Code   RO         2287    i.USB_DevDisconnect  stm32h7xx_ll_usb.o
    0x0800e424   0x0800e424   0x00000168   Code   RO         2288    i.USB_DevInit       stm32h7xx_ll_usb.o
    0x0800e58c   0x0800e58c   0x0000000c   Code   RO         2289    i.USB_DisableGlobalInt  stm32h7xx_ll_usb.o
    0x0800e598   0x0800e598   0x00000054   Code   RO         2292    i.USB_EP0_OutStart  stm32h7xx_ll_usb.o
    0x0800e5ec   0x0800e5ec   0x00000058   Code   RO         2293    i.USB_EPClearStall  stm32h7xx_ll_usb.o
    0x0800e644   0x0800e644   0x00000058   Code   RO         2294    i.USB_EPSetStall    stm32h7xx_ll_usb.o
    0x0800e69c   0x0800e69c   0x0000024c   Code   RO         2295    i.USB_EPStartXfer   stm32h7xx_ll_usb.o
    0x0800e8e8   0x0800e8e8   0x000000a4   Code   RO         2296    i.USB_EPStopXfer    stm32h7xx_ll_usb.o
    0x0800e98c   0x0800e98c   0x0000000c   Code   RO         2297    i.USB_EnableGlobalInt  stm32h7xx_ll_usb.o
    0x0800e998   0x0800e998   0x00000044   Code   RO         2298    i.USB_FlushRxFifo   stm32h7xx_ll_usb.o
    0x0800e9dc   0x0800e9dc   0x00000048   Code   RO         2299    i.USB_FlushTxFifo   stm32h7xx_ll_usb.o
    0x0800ea24   0x0800ea24   0x00000020   Code   RO         2301    i.USB_GetDevSpeed   stm32h7xx_ll_usb.o
    0x0800ea44   0x0800ea44   0x00000008   Code   RO         2303    i.USB_GetMode       stm32h7xx_ll_usb.o
    0x0800ea4c   0x0800ea4c   0x0000000e   Code   RO         2311    i.USB_ReadDevAllInEpInterrupt  stm32h7xx_ll_usb.o
    0x0800ea5a   0x0800ea5a   0x0000000e   Code   RO         2312    i.USB_ReadDevAllOutEpInterrupt  stm32h7xx_ll_usb.o
    0x0800ea68   0x0800ea68   0x00000024   Code   RO         2313    i.USB_ReadDevInEPInterrupt  stm32h7xx_ll_usb.o
    0x0800ea8c   0x0800ea8c   0x00000010   Code   RO         2314    i.USB_ReadDevOutEPInterrupt  stm32h7xx_ll_usb.o
    0x0800ea9c   0x0800ea9c   0x00000008   Code   RO         2315    i.USB_ReadInterrupts  stm32h7xx_ll_usb.o
    0x0800eaa4   0x0800eaa4   0x0000003e   Code   RO         2316    i.USB_ReadPacket    stm32h7xx_ll_usb.o
    0x0800eae2   0x0800eae2   0x0000007a   Code   RO         9723    i.USB_SendXY        usb_comm.o
    0x0800eb5c   0x0800eb5c   0x00000060   Code   RO         2318    i.USB_SetCurrentMode  stm32h7xx_ll_usb.o
    0x0800ebbc   0x0800ebbc   0x0000001e   Code   RO         2319    i.USB_SetDevAddress  stm32h7xx_ll_usb.o
    0x0800ebda   0x0800ebda   0x0000000e   Code   RO         2320    i.USB_SetDevSpeed   stm32h7xx_ll_usb.o
    0x0800ebe8   0x0800ebe8   0x000000f4   Code   RO         2321    i.USB_SetTurnaroundTime  stm32h7xx_ll_usb.o
    0x0800ecdc   0x0800ecdc   0x00000028   Code   RO         2324    i.USB_WritePacket   stm32h7xx_ll_usb.o
    0x0800ed04   0x0800ed04   0x00000002   Code   RO          761    i.UsageFault_Handler  stm32h7xx_it.o
    0x0800ed06   0x0800ed06   0x00000002   PAD
    0x0800ed08   0x0800ed08   0x0000029c   Code   RO         7497    i.VMC_calc_1_left   vmc_calc.o
    0x0800efa4   0x0800efa4   0x00000294   Code   RO         7498    i.VMC_calc_1_right  vmc_calc.o
    0x0800f238   0x0800f238   0x0000015a   Code   RO         7499    i.VMC_calc_2        vmc_calc.o
    0x0800f392   0x0800f392   0x00000002   PAD
    0x0800f394   0x0800f394   0x00000030   Code   RO         7500    i.VMC_init          vmc_calc.o
    0x0800f3c4   0x0800f3c4   0x00000054   Code   RO         9787    i.WS2812_Init       ws2812.o
    0x0800f418   0x0800f418   0x00000006   Code   RO          356    i.Watch_Task        freertos.o
    0x0800f41e   0x0800f41e   0x00000002   PAD
    0x0800f420   0x0800f420   0x000000c8   Code   RO         9488    i.Watch_task        watch_task.o
    0x0800f4e8   0x0800f4e8   0x00000026   Code   RO        11190    i.__ARM_fpclassifyf  m_wv.l(fpclassifyf.o)
    0x0800f50e   0x0800f50e   0x00000020   Code   RO         4021    i.__NVIC_SetPriority  stm32h7xx_hal_cortex.o
    0x0800f52e   0x0800f52e   0x00000002   PAD
    0x0800f530   0x0800f530   0x00000138   Code   RO        11067    i.__hardfp_asinf    m_wv.l(asinf.o)
    0x0800f668   0x0800f668   0x000002b4   Code   RO        11079    i.__hardfp_atan2f   m_wv.l(atan2f.o)
    0x0800f91c   0x0800f91c   0x00000066   Code   RO        11117    i.__hardfp_sqrt     m_wv.l(sqrt.o)
    0x0800f982   0x0800f982   0x0000003a   Code   RO        11129    i.__hardfp_sqrtf    m_wv.l(sqrtf.o)
    0x0800f9bc   0x0800f9bc   0x00000006   Code   RO        11193    i.__mathlib_flt_infnan  m_wv.l(funder.o)
    0x0800f9c2   0x0800f9c2   0x00000006   Code   RO        11194    i.__mathlib_flt_infnan2  m_wv.l(funder.o)
    0x0800f9c8   0x0800f9c8   0x00000010   Code   RO        11195    i.__mathlib_flt_invalid  m_wv.l(funder.o)
    0x0800f9d8   0x0800f9d8   0x00000010   Code   RO        11198    i.__mathlib_flt_underflow  m_wv.l(funder.o)
    0x0800f9e8   0x0800f9e8   0x0000000e   Code   RO        11245    i.__scatterload_copy  mc_w.l(handlers.o)
    0x0800f9f6   0x0800f9f6   0x00000002   Code   RO        11246    i.__scatterload_null  mc_w.l(handlers.o)
    0x0800f9f8   0x0800f9f8   0x0000000e   Code   RO        11247    i.__scatterload_zeroinit  mc_w.l(handlers.o)
    0x0800fa06   0x0800fa06   0x00000002   PAD
    0x0800fa08   0x0800fa08   0x0000000c   Code   RO        11233    i.__set_errno       mc_w.l(errno.o)
    0x0800fa14   0x0800fa14   0x00000050   Code   RO         9724    i.append_uint       usb_comm.o
    0x0800fa64   0x0800fa64   0x00000128   Code   RO         7109    i.bmi088_accel_init  bmi088driver.o
    0x0800fb8c   0x0800fb8c   0x000000fc   Code   RO         7110    i.bmi088_gyro_init  bmi088driver.o
    0x0800fc88   0x0800fc88   0x00000074   Code   RO         9602    i.canx_send_data    can_bsp.o
    0x0800fcfc   0x0800fcfc   0x00000408   Code   RO         9154    i.chassisL_control_loop  chassisl_task.o
    0x08010104   0x08010104   0x0000003c   Code   RO         9155    i.chassisL_feedback_update  chassisl_task.o
    0x08010140   0x08010140   0x00000476   Code   RO         9209    i.chassisR_control_loop  chassisr_task.o
    0x080105b6   0x080105b6   0x00000002   PAD
    0x080105b8   0x080105b8   0x00000078   Code   RO         9210    i.chassisR_feedback_update  chassisr_task.o
    0x08010630   0x08010630   0x00000096   Code   RO         7248    i.dm4310_fbdata     dm4310_drv.o
    0x080106c6   0x080106c6   0x00000002   PAD
    0x080106c8   0x080106c8   0x000000a0   Code   RO         7249    i.dm6215_fbdata     dm4310_drv.o
    0x08010768   0x08010768   0x00000034   Code   RO         7250    i.enable_motor_mode  dm4310_drv.o
    0x0801079c   0x0801079c   0x00000028   Code   RO         7251    i.float_to_uint     dm4310_drv.o
    0x080107c4   0x080107c4   0x000000c4   Code   RO         9725    i.ftoa3             usb_comm.o
    0x08010888   0x08010888   0x00000104   Code   RO         7501    i.ground_detectionL  vmc_calc.o
    0x0801098c   0x0801098c   0x00000104   Code   RO         7502    i.ground_detectionR  vmc_calc.o
    0x08010a90   0x08010a90   0x00000006   Code   RO         7252    i.joint_motor_init  dm4310_drv.o
    0x08010a96   0x08010a96   0x00000002   PAD
    0x08010a98   0x08010a98   0x00000038   Code   RO         7357    i.mahony_init       mahony_filter.o
    0x08010ad0   0x08010ad0   0x0000001c   Code   RO         7358    i.mahony_input      mahony_filter.o
    0x08010aec   0x08010aec   0x00000036   Code   RO         7359    i.mahony_output     mahony_filter.o
    0x08010b22   0x08010b22   0x000001ac   Code   RO         7360    i.mahony_update     mahony_filter.o
    0x08010cce   0x08010cce   0x00000002   PAD
    0x08010cd0   0x08010cd0   0x0000009c   Code   RO           17    i.main              main.o
    0x08010d6c   0x08010d6c   0x0000000c   Code   RO         8579    i.makeFreeRtosPriority  cmsis_os.o
    0x08010d78   0x08010d78   0x0000006c   Code   RO        11163    i.malloc            mc_w.l(malloc.o)
    0x08010de4   0x08010de4   0x000000bc   Code   RO         7253    i.mit_ctrl          dm4310_drv.o
    0x08010ea0   0x08010ea0   0x000000c4   Code   RO         7254    i.mit_ctrl2         dm4310_drv.o
    0x08010f64   0x08010f64   0x00000024   Code   RO         9211    i.mySaturate        chassisr_task.o
    0x08010f88   0x08010f88   0x00000010   Code   RO         8581    i.osDelay           cmsis_os.o
    0x08010f98   0x08010f98   0x0000000a   Code   RO         8584    i.osKernelStart     cmsis_os.o
    0x08010fa2   0x08010fa2   0x0000002e   Code   RO         8618    i.osThreadCreate    cmsis_os.o
    0x08010fd0   0x08010fd0   0x00000070   Code   RO         8256    i.prvAddCurrentTaskToDelayedList  tasks.o
    0x08011040   0x08011040   0x00000088   Code   RO         8257    i.prvAddNewTaskToReadyList  tasks.o
    0x080110c8   0x080110c8   0x0000003c   Code   RO         8258    i.prvCheckTasksWaitingTermination  tasks.o
    0x08011104   0x08011104   0x00000014   Code   RO         8259    i.prvDeleteTCB      tasks.o
    0x08011118   0x08011118   0x0000004c   Code   RO         8946    i.prvHeapInit       heap_4.o
    0x08011164   0x08011164   0x00000028   Code   RO         8260    i.prvIdleTask       tasks.o
    0x0801118c   0x0801118c   0x00000094   Code   RO         8261    i.prvInitialiseNewTask  tasks.o
    0x08011220   0x08011220   0x00000058   Code   RO         8262    i.prvInitialiseTaskLists  tasks.o
    0x08011278   0x08011278   0x00000054   Code   RO         8947    i.prvInsertBlockIntoFreeList  heap_4.o
    0x080112cc   0x080112cc   0x00000024   Code   RO         8263    i.prvResetNextTaskUnblockTime  tasks.o
    0x080112f0   0x080112f0   0x0000002c   Code   RO         9015    i.prvTaskExitError  port.o
    0x0801131c   0x0801131c   0x000000dc   Code   RO         8948    i.pvPortMalloc      heap_4.o
    0x080113f8   0x080113f8   0x00000024   Code   RO         9016    i.pxPortInitialiseStack  port.o
    0x0801141c   0x0801141c   0x000001ac   Code   RO         9682    i.sbus_frame_parse  uart_bsp.o
    0x080115c8   0x080115c8   0x0000003e   Code   RO        11131    i.sqrtf             m_wv.l(sqrtf.o)
    0x08011606   0x08011606   0x00000028   Code   RO         7258    i.uint_to_float     dm4310_drv.o
    0x0801162e   0x0801162e   0x00000026   Code   RO         7909    i.uxListRemove      list.o
    0x08011654   0x08011654   0x00000016   Code   RO         7910    i.vListInitialise   list.o
    0x0801166a   0x0801166a   0x00000006   Code   RO         7911    i.vListInitialiseItem  list.o
    0x08011670   0x08011670   0x00000030   Code   RO         7912    i.vListInsert       list.o
    0x080116a0   0x080116a0   0x00000018   Code   RO         7913    i.vListInsertEnd    list.o
    0x080116b8   0x080116b8   0x00000040   Code   RO         9018    i.vPortEnterCritical  port.o
    0x080116f8   0x080116f8   0x0000002c   Code   RO         9019    i.vPortExitCritical  port.o
    0x08011724   0x08011724   0x00000064   Code   RO         8949    i.vPortFree         heap_4.o
    0x08011788   0x08011788   0x00000024   Code   RO         9020    i.vPortSetupTimerInterrupt  port.o
    0x080117ac   0x080117ac   0x00000050   Code   RO         8272    i.vTaskDelay        tasks.o
    0x080117fc   0x080117fc   0x00000068   Code   RO         8285    i.vTaskStartScheduler  tasks.o
    0x08011864   0x08011864   0x00000010   Code   RO         8287    i.vTaskSuspendAll   tasks.o
    0x08011874   0x08011874   0x00000060   Code   RO         8288    i.vTaskSwitchContext  tasks.o
    0x080118d4   0x080118d4   0x00000006   Code   RO         7259    i.wheel_motor_init  dm4310_drv.o
    0x080118da   0x080118da   0x00000002   PAD
    0x080118dc   0x080118dc   0x000000f4   Code   RO         9022    i.xPortStartScheduler  port.o
    0x080119d0   0x080119d0   0x00000060   Code   RO         8291    i.xTaskCreate       tasks.o
    0x08011a30   0x08011a30   0x000000d0   Code   RO         8298    i.xTaskIncrementTick  tasks.o
    0x08011b00   0x08011b00   0x000000cc   Code   RO         8304    i.xTaskResumeAll    tasks.o
    0x08011bcc   0x08011bcc   0x00000068   Code   RO         9269    i.xvEstimateKF_Init  observe_task.o
    0x08011c34   0x08011c34   0x0000005c   Code   RO         9270    i.xvEstimateKF_Update  observe_task.o
    0x08011c90   0x08011c90   0x0000008c   Data   RO          357    .constdata          freertos.o
    0x08011d1c   0x08011d1c   0x00000008   Data   RO         3324    .constdata          stm32h7xx_hal_dma.o
    0x08011d24   0x08011d24   0x0000005c   Data   RO         5665    .constdata          stm32h7xx_hal_fdcan.o
    0x08011d80   0x08011d80   0x00000018   Data   RO         6587    .constdata          stm32h7xx_hal_uart.o
    0x08011d98   0x08011d98   0x00000010   Data   RO         6958    .constdata          stm32h7xx_hal_uart_ex.o
    0x08011da8   0x08011da8   0x00000010   Data   RO         7067    .constdata          system_stm32h7xx.o
    0x08011db8   0x08011db8   0x0000000c   Data   RO         9157    .constdata          chassisl_task.o
    0x08011dc4   0x08011dc4   0x00000030   Data   RO         9213    .constdata          chassisr_task.o
    0x08011df4   0x08011df4   0x00000010   Data   RO         9273    .constdata          observe_task.o
    0x08011e04   0x08011e04   0x00000060   Data   RO          358    .conststring        freertos.o
    0x08011e64   0x08011e64   0x00000804   Data   RO        11047    .rodata.sinTable_f32  arm_cortexM7lfdp_math.lib(arm_common_tables.o)
    0x08012668   0x08012668   0x00000020   Data   RO        11243    Region$$Table       anon$$obj.o


    Execution Region RW_IRAM1 (Exec base: 0x20000000, Load base: 0x08012688, Size: 0x00000000, Max: 0x00020000, ABSOLUTE)

    **** No section assigned to this execution region ****


    Execution Region RW_IRAM2 (Exec base: 0x24000000, Load base: 0x08012688, Size: 0x0000bcb8, Max: 0x00050000, ABSOLUTE, COMPRESSED[0x00000224])

    Exec Addr    Load Addr    Size         Type   Attr      Idx    E Section Name        Object

    0x24000000   COMPRESSED   0x00000004   Data   RW           18    .data               main.o
    0x24000004   COMPRESSED   0x0000001c   Data   RW          359    .data               freertos.o
    0x24000020   COMPRESSED   0x00000004   Data   RW          539    .data               fdcan.o
    0x24000024   COMPRESSED   0x0000000c   Data   RW         4197    .data               stm32h7xx_hal.o
    0x24000030   COMPRESSED   0x00000008   Data   RW         7068    .data               system_stm32h7xx.o
    0x24000038   COMPRESSED   0x00000048   Data   RW         7112    .data               bmi088driver.o
    0x24000080   COMPRESSED   0x00000004   Data   RW         7196    .data               bmi088middleware.o
    0x24000084   COMPRESSED   0x00000018   Data   RW         7504    .data               vmc_calc.o
    0x2400009c   COMPRESSED   0x00000004   Data   RW         7576    .data               kalman_filter.o
    0x240000a0   COMPRESSED   0x0000003c   Data   RW         8307    .data               tasks.o
    0x240000dc   COMPRESSED   0x00000020   Data   RW         8955    .data               heap_4.o
    0x240000fc   COMPRESSED   0x0000000c   Data   RW         9023    .data               port.o
    0x24000108   COMPRESSED   0x0000001c   Data   RW         9098    .data               ins_task.o
    0x24000124   COMPRESSED   0x0000003c   Data   RW         9158    .data               chassisl_task.o
    0x24000160   COMPRESSED   0x00000100   Data   RW         9214    .data               chassisr_task.o
    0x24000260   COMPRESSED   0x00000060   Data   RW         9274    .data               observe_task.o
    0x240002c0   COMPRESSED   0x0000000c   Data   RW         9443    .data               remote_task.o
    0x240002cc   COMPRESSED   0x00000008   Data   RW         9489    .data               watch_task.o
    0x240002d4   COMPRESSED   0x00000004   Data   RW         9490    .data               watch_task.o
    0x240002d8   COMPRESSED   0x00000040   Data   RW         9530    .data               bsp_dwt.o
    0x24000318   COMPRESSED   0x00000004   Data   RW         9727    .data               usb_comm.o
    0x2400031c   COMPRESSED   0x00000020   Data   RW         9795    .data               ws2812.o
    0x2400033c   COMPRESSED   0x00000020   Data   RW        10103    .data               usbd_desc.o
    0x2400035c   COMPRESSED   0x0000003e   Data   RW        10104    .data               usbd_desc.o
    0x2400039a   COMPRESSED   0x00000002   PAD
    0x2400039c   COMPRESSED   0x00000014   Data   RW        10196    .data               usbd_cdc_if.o
    0x240003b0   COMPRESSED   0x00000001   Data   RW        10630    .data               usbd_ctlreq.o
    0x240003b1   COMPRESSED   0x00000003   PAD
    0x240003b4   COMPRESSED   0x00000053   Data   RW        10793    .data               usbd_cdc.o
    0x24000407   COMPRESSED   0x00000001   PAD
    0x24000408   COMPRESSED   0x00000038   Data   RW        10794    .data               usbd_cdc.o
    0x24000440   COMPRESSED   0x00000004   Data   RW        11229    .data               mc_w.l(mvars.o)
    0x24000444   COMPRESSED   0x00000004   Data   RW        11230    .data               mc_w.l(mvars.o)
    0x24000448   COMPRESSED   0x00000004   Data   RW        11234    .data               mc_w.l(errno.o)
    0x2400044c        -       0x000000e8   Zero   RW          470    .bss                adc.o
    0x24000534        -       0x000001e0   Zero   RW          538    .bss                fdcan.o
    0x24000714        -       0x00000178   Zero   RW          591    .bss                spi.o
    0x2400088c        -       0x0000015c   Zero   RW          638    .bss                tim.o
    0x240009e8        -       0x0000010c   Zero   RW          705    .bss                usart.o
    0x24000af4        -       0x0000004c   Zero   RW          901    .bss                stm32h7xx_hal_timebase_tim.o
    0x24000b40        -       0x0000004c   Zero   RW         7111    .bss                bmi088driver.o
    0x24000b8c        -       0x00000020   Zero   RW         7503    .bss                vmc_calc.o
    0x24000bac        -       0x000000f0   Zero   RW         8306    .bss                tasks.o
    0x24000c9c        -       0x00007800   Zero   RW         8954    .bss                heap_4.o
    0x2400849c        -       0x00000130   Zero   RW         9097    .bss                ins_task.o
    0x240085cc        -       0x000000f8   Zero   RW         9156    .bss                chassisl_task.o
    0x240086c4        -       0x00000390   Zero   RW         9212    .bss                chassisr_task.o
    0x24008a54        -       0x00000140   Zero   RW         9271    .bss                observe_task.o
    0x24008b94        -       0x000000d0   Zero   RW         9603    .bss                can_bsp.o
    0x24008c64        -       0x00000050   Zero   RW         9683    .bss                uart_bsp.o
    0x24008cb4        -       0x00000114   Zero   RW         9726    .bss                usb_comm.o
    0x24008dc8        -       0x000008e8   Zero   RW         9794    .bss                ws2812.o
    0x240096b0        -       0x000002dc   Zero   RW        10062    .bss                usb_device.o
    0x2400998c        -       0x00000200   Zero   RW        10102    .bss                usbd_desc.o
    0x24009b8c        -       0x00001000   Zero   RW        10195    .bss                usbd_cdc_if.o
    0x2400ab8c        -       0x0000072c   Zero   RW        10277    .bss                usbd_conf.o
    0x2400b2b8        -       0x00000200   Zero   RW            2    HEAP                startup_stm32h723xx.o
    0x2400b4b8        -       0x00000800   Zero   RW            1    STACK               startup_stm32h723xx.o


==============================================================================

Image component sizes


      Code (inc. data)   RO Data    RW Data    ZI Data      Debug   Object Name

       372         40          0          0        232       2243   adc.o
      2608        136          0         72         76      11661   bmi088driver.o
       100         30          0          4          0       3704   bmi088middleware.o
       448         70          0         64          0       5114   bsp_dwt.o
       540         40          0          0        208       4856   can_bsp.o
      1588        120         12         60        248       6528   chassisl_task.o
      1894        140         48        256        912       6825   chassisr_task.o
        84          0          0          0          0      13323   cmsis_os.o
       838         34          0          0          0       9217   dm4310_drv.o
       108          4          0          0          0        950   dma.o
         0          0          0          0          0       5336   event_groups.o
       644         56          0          4        480       3773   fdcan.o
       224         10        236         28          0      14984   freertos.o
       244         14          0          0          0       1223   gpio.o
       480         26          0         32      30720       8079   heap_4.o
      1108         68          0         28        304       5002   ins_task.o
      2216         20          0          4          0      10051   kalman_filter.o
       138          0          0          0          0       4030   list.o
       744         16          0          0          0       6757   mahony_filter.o
       402         24          0          4          0    1317077   main.o
       508         46         16         96        320       3517   observe_task.o
       444         10          0          0          0       2746   pid.o
       702         74          0         12          0      11868   port.o
         0          0          0          0          0       2189   quaternionekf.o
      1024        170          0         12          0       1496   remote_task.o
       408         36          0          0        376       2283   spi.o
        36          8        716          0       2560        904   startup_stm32h723xx.o
       172         36          0         12          0      24098   stm32h7xx_hal.o
      3322        206          0          0          0      85064   stm32h7xx_hal_adc.o
       468         30          0          0          0      68841   stm32h7xx_hal_adc_ex.o
       158         14          0          0          0      39218   stm32h7xx_hal_cortex.o
      6464        140          8          0          0      15246   stm32h7xx_hal_dma.o
      2850         52         92          0          0      25128   stm32h7xx_hal_fdcan.o
       546         44          0          0          0       2536   stm32h7xx_hal_gpio.o
        36          4          0          0          0        970   stm32h7xx_hal_msp.o
      2662         14          0          0          0      15476   stm32h7xx_hal_pcd.o
       116          6          0          0          0       3509   stm32h7xx_hal_pcd_ex.o
       104         10          0          0          0       1554   stm32h7xx_hal_pwr_ex.o
      2804        128          0          0          0       9205   stm32h7xx_hal_rcc.o
      5760        168          0          0          0      14307   stm32h7xx_hal_rcc_ex.o
      1858         18          0          0          0      11185   stm32h7xx_hal_spi.o
      2938        316          0          0          0      20889   stm32h7xx_hal_tim.o
       358         44          0          0          0       4656   stm32h7xx_hal_tim_ex.o
       144         18          0          0         76       1803   stm32h7xx_hal_timebase_tim.o
      3468        150         24          0          0      36299   stm32h7xx_hal_uart.o
       374          6         16          0          0       7033   stm32h7xx_hal_uart_ex.o
       176         76          0          0          0       9850   stm32h7xx_it.o
      2786        138          0          0          0      25884   stm32h7xx_ll_usb.o
       192         34         16          8          0       1546   system_stm32h7xx.o
      1444        120          0         60        240      20265   tasks.o
       800         82          0          0        348       5268   tim.o
       552         28          0          0         80       3987   uart_bsp.o
       356         36          0          0        268       2246   usart.o
      1106         24          0          4        276       8857   usb_comm.o
        84         18          0          0        732        944   usb_device.o
      1424         40          0        139          0      15981   usbd_cdc.o
       140         22          0         20       4096       4784   usbd_cdc_if.o
       634         24          0          0       1836      18936   usbd_conf.o
      1038          0          0          0          0      18081   usbd_core.o
      1954         22          0          1          0      19452   usbd_ctlreq.o
       358        112          0         94        512       7789   usbd_desc.o
       132          0          0          0          0       5036   usbd_ioreq.o
         0          0          0          0          0       1048   user_lib.o
      2288         62          0         24         32       7410   vmc_calc.o
       200         22          0         12          0       1097   watch_task.o
        84         10          0         32       2280       1582   ws2812.o

    ----------------------------------------------------------------------
     68352       3466       1216       1088      47212    2032796   Object Totals
         0          0         32          0          0          0   (incl. Generated)
       100          0          0          6          0          0   (incl. Padding)

    ----------------------------------------------------------------------

      Code (inc. data)   RO Data    RW Data    ZI Data      Debug   Library Member Name

         0          0       2052          0          0       4961   arm_common_tables.o
       144         12          0          0          0       1111   arm_cos_f32.o
       190          0          0          0          0       1836   arm_mat_add_f32.o
         8          0          0          0          0        841   arm_mat_init_f32.o
       716          4          0          0          0       3547   arm_mat_inverse_f32.o
       304          4          0          0          0       2362   arm_mat_mult_f32.o
       190          0          0          0          0       1834   arm_mat_sub_f32.o
       180          0          0          0          0       1862   arm_mat_trans_f32.o
       140         12          0          0          0       1098   arm_sin_f32.o
       312         54          0          0          0        176   asinf.o
       692         98          0          0          0        208   atan2f.o
        38          0          0          0          0        116   fpclassifyf.o
        44         12          0          0          0        464   funder.o
       102          0          0          0          0        140   sqrt.o
       120          0          0          0          0        272   sqrtf.o
        86          0          0          0          0          0   __dczerorl2.o
         0          0          0          0          0          0   entry.o
         0          0          0          0          0          0   entry10a.o
         0          0          0          0          0          0   entry11a.o
         4          0          0          0          0          0   entry12b.o
         8          4          0          0          0          0   entry2.o
         4          0          0          0          0          0   entry5.o
         0          0          0          0          0          0   entry7b.o
         0          0          0          0          0          0   entry8b.o
         8          4          0          0          0          0   entry9a.o
        12          6          0          4          0         68   errno.o
        30          0          0          0          0          0   handlers.o
        36          8          0          0          0         68   init.o
         0          0          0          0          0          0   iusefp.o
        30          0          0          0          0         68   llshl.o
        32          0          0          0          0         68   llushr.o
       108         16          0          0          0         84   malloc.o
        64          0          0          0          0         76   memmovea.o
        36          0          0          0          0        108   memseta.o
         0          0          0          8          0          0   mvars.o
        20          0          0          0          0         68   strchr.o
        14          0          0          0          0         68   strlen.o
        98          0          0          0          0         92   uldiv.o

    ----------------------------------------------------------------------
      3780        234       2052         12          0      21596   Library Totals
        10          0          0          0          0          0   (incl. Padding)

    ----------------------------------------------------------------------

      Code (inc. data)   RO Data    RW Data    ZI Data      Debug   Library Name

      1872         32       2052          0          0      19452   arm_cortexM7lfdp_math.lib
      1308        164          0          0          0       1376   m_wv.l
       590         38          0         12          0        768   mc_w.l

    ----------------------------------------------------------------------
      3780        234       2052         12          0      21596   Library Totals

    ----------------------------------------------------------------------

==============================================================================


      Code (inc. data)   RO Data    RW Data    ZI Data      Debug   

     72132       3700       3268       1100      47212    2007804   Grand Totals
     72132       3700       3268        548      47212    2007804   ELF Image Totals (compressed)
     72132       3700       3268        548          0          0   ROM Totals

==============================================================================

    Total RO  Size (Code + RO Data)                75400 (  73.63kB)
    Total RW  Size (RW Data + ZI Data)             48312 (  47.18kB)
    Total ROM Size (Code + RO Data + RW Data)      75948 (  74.17kB)

==============================================================================

